Archive member included because of file (symbol)

c:/hightec/toolchains/tricore/v4.9.1.0-infineon-2.0/bin/../lib/gcc/tricore/4.9.4\libgcc.a(_sf_to_df.o)
                              aurix_mbd_test.o (__extendsfdf2)
c:/hightec/toolchains/tricore/v4.9.1.0-infineon-2.0/bin/../lib/gcc/tricore/4.9.4\libgcc.a(_addsub_df.o)
                              aurix_mbd_test.o (__adddf3)
c:/hightec/toolchains/tricore/v4.9.1.0-infineon-2.0/bin/../lib/gcc/tricore/4.9.4\libgcc.a(_div_df.o)
                              aurix_mbd_test.o (__divdf3)
c:/hightec/toolchains/tricore/v4.9.1.0-infineon-2.0/bin/../lib/gcc/tricore/4.9.4\libgcc.a(_make_df.o)
                              c:/hightec/toolchains/tricore/v4.9.1.0-infineon-2.0/bin/../lib/gcc/tricore/4.9.4\libgcc.a(_sf_to_df.o) (__make_dp)
c:/hightec/toolchains/tricore/v4.9.1.0-infineon-2.0/bin/../lib/gcc/tricore/4.9.4\libgcc.a(_df_to_sf.o)
                              aurix_mbd_test.o (__truncdfsf2)
c:/hightec/toolchains/tricore/v4.9.1.0-infineon-2.0/bin/../lib/gcc/tricore/4.9.4\libgcc.a(_thenan_df.o)
                              c:/hightec/toolchains/tricore/v4.9.1.0-infineon-2.0/bin/../lib/gcc/tricore/4.9.4\libgcc.a(_addsub_df.o) (__thenan_df)
c:/hightec/toolchains/tricore/v4.9.1.0-infineon-2.0/bin/../lib/gcc/tricore/4.9.4\libgcc.a(_ashldi3.o)
                              c:/hightec/toolchains/tricore/v4.9.1.0-infineon-2.0/bin/../lib/gcc/tricore/4.9.4\libgcc.a(_addsub_df.o) (__ashldi3)
c:/hightec/toolchains/tricore/v4.9.1.0-infineon-2.0/bin/../lib/gcc/tricore/4.9.4\libgcc.a(_lshrdi3.o)
                              c:/hightec/toolchains/tricore/v4.9.1.0-infineon-2.0/bin/../lib/gcc/tricore/4.9.4\libgcc.a(_addsub_df.o) (__lshrdi3)
c:/hightec/toolchains/tricore/v4.9.1.0-infineon-2.0/bin/../lib/gcc/tricore/4.9.4\libgcc.a(_unpack_sf.o)
                              c:/hightec/toolchains/tricore/v4.9.1.0-infineon-2.0/bin/../lib/gcc/tricore/4.9.4\libgcc.a(_sf_to_df.o) (__unpack_f)
c:/hightec/toolchains/tricore/v4.9.1.0-infineon-2.0/bin/../lib/gcc/tricore/4.9.4\libgcc.a(_make_sf.o)
                              c:/hightec/toolchains/tricore/v4.9.1.0-infineon-2.0/bin/../lib/gcc/tricore/4.9.4\libgcc.a(_df_to_sf.o) (__make_fp)
c:/hightec/toolchains/tricore/v4.9.1.0-infineon-2.0/bin/../lib/gcc/tricore/4.9.4\libgcc.a(_pack_df.o)
                              c:/hightec/toolchains/tricore/v4.9.1.0-infineon-2.0/bin/../lib/gcc/tricore/4.9.4\libgcc.a(_addsub_df.o) (__pack_d)
c:/hightec/toolchains/tricore/v4.9.1.0-infineon-2.0/bin/../lib/gcc/tricore/4.9.4\libgcc.a(_unpack_df.o)
                              c:/hightec/toolchains/tricore/v4.9.1.0-infineon-2.0/bin/../lib/gcc/tricore/4.9.4\libgcc.a(_addsub_df.o) (__unpack_d)
c:/hightec/toolchains/tricore/v4.9.1.0-infineon-2.0/bin/../lib/gcc/tricore/4.9.4\libgcc.a(_pack_sf.o)
                              c:/hightec/toolchains/tricore/v4.9.1.0-infineon-2.0/bin/../lib/gcc/tricore/4.9.4\libgcc.a(_make_sf.o) (__pack_f)
c:/hightec/toolchains/tricore/v4.9.1.0-infineon-2.0/bin/../lib/gcc/tricore/4.9.4/../../../../tricore/lib\libc.a(lib_a-malloc.o)
                              Ifx_Fifo.o (malloc)
c:/hightec/toolchains/tricore/v4.9.1.0-infineon-2.0/bin/../lib/gcc/tricore/4.9.4/../../../../tricore/lib\libc.a(lib_a-mallocr.o)
                              c:/hightec/toolchains/tricore/v4.9.1.0-infineon-2.0/bin/../lib/gcc/tricore/4.9.4/../../../../tricore/lib\libc.a(lib_a-malloc.o) (_malloc_r)
c:/hightec/toolchains/tricore/v4.9.1.0-infineon-2.0/bin/../lib/gcc/tricore/4.9.4/../../../../tricore/lib\libc.a(lib_a-mlock.o)
                              c:/hightec/toolchains/tricore/v4.9.1.0-infineon-2.0/bin/../lib/gcc/tricore/4.9.4/../../../../tricore/lib\libc.a(lib_a-mallocr.o) (__malloc_lock)
c:/hightec/toolchains/tricore/v4.9.1.0-infineon-2.0/bin/../lib/gcc/tricore/4.9.4/../../../../tricore/lib\libc.a(lib_a-sbrkr.o)
                              c:/hightec/toolchains/tricore/v4.9.1.0-infineon-2.0/bin/../lib/gcc/tricore/4.9.4/../../../../tricore/lib\libc.a(lib_a-mallocr.o) (_sbrk_r)
c:/hightec/toolchains/tricore/v4.9.1.0-infineon-2.0/bin/../lib/gcc/tricore/4.9.4/../../../../tricore/lib\libc.a(lib_a-snprintf.o)
                              aurix_mbd_test.o (snprintf)
c:/hightec/toolchains/tricore/v4.9.1.0-infineon-2.0/bin/../lib/gcc/tricore/4.9.4/../../../../tricore/lib\libc.a(lib_a-strlen.o)
                              IfxStdIf_DPipe.o (strlen)
c:/hightec/toolchains/tricore/v4.9.1.0-infineon-2.0/bin/../lib/gcc/tricore/4.9.4/../../../../tricore/lib\libc.a(lib_a-svfprintf.o)
                              c:/hightec/toolchains/tricore/v4.9.1.0-infineon-2.0/bin/../lib/gcc/tricore/4.9.4/../../../../tricore/lib\libc.a(lib_a-snprintf.o) (_svfprintf_r)
c:/hightec/toolchains/tricore/v4.9.1.0-infineon-2.0/bin/../lib/gcc/tricore/4.9.4/../../../../tricore/lib\libc.a(lib_a-vsprintf.o)
                              IfxStdIf_DPipe.o (vsprintf)
[...]
Memory Configuration

Name             Origin             Length             Used               Free               Attributes
dsram2_local     0xd0000000         0x0001e000         0x00000000         0x0001e000         w !xp
dsram2           0x50000000         0x0001e000         0x0001dc00         0x00000400         w !xp
psram2           0x50100000         0x00006000         0x00000000         0x00006000         w !xp
dsram1_local     0xd0000000         0x0001e000         0x00000000         0x0001e000         w !xp
dsram1           0x60000000         0x0001e000         0x0001dc00         0x00000400         w !xp
psram1           0x60100000         0x00006000         0x00000000         0x00006000         w !xp
dsram0_local     0xd0000000         0x0001c000         0x00000000         0x0001c000         w !xp
dsram0           0x70000000         0x0001c000         0x0001bc00         0x00000400         w !xp
psram0           0x70100000         0x00006000         0x00000000         0x00006000         w !xp
psram_local      0xc0000000         0x00006000         0x00000000         0x00006000         w !xp
pfls0            0x80000000         0x00200000         0x001f40ce         0x0000bf32         xr !p
pfls0_nc         0xa0000000         0x00200000         0x00000000         0x00200000         xr !p
pfls1            0x80200000         0x00200000         0x00000000         0x00200000         xr !p
pfls1_nc         0xa0200000         0x00200000         0x00000000         0x00200000         xr !p
dfls0            0xaf000000         0x00060000         0x00000000         0x00060000         xr !p
lmuram           0x90000000         0x00008000         0x00000000         0x00008000         w !xp
lmuram_nc        0xb0000000         0x00008000         0x00000000         0x00008000         w !xp
edmem            0x9f000000         0x00100000         0x00000000         0x00100000         w !xp
edmem_nc         0xbf000000         0x00100000         0x00000000         0x00100000         w !xp
*default*        0x00000000         0xffffffff         0x00048e30         0xfffb71cf

List of aliases

dsram0          : default_ram

Memory region maps:

CORE     Local Region   Global Region
CPU2     0xd0000000     0x50000000
CPU1     0xd0000000     0x60000000
CPU0     0xd0000000     0x70000000


Linker script and memory map

                0x00000270                __TRICORE_DERIVATE_MEMORY_MAP__ = 0x270
                0x00002000                LCF_CSA0_SIZE = 0x2000
                0x00000800                LCF_USTACK0_SIZE = 0x800
                0x00000400                LCF_ISTACK0_SIZE = 0x400
                0x00002000                LCF_CSA1_SIZE = 0x2000
                0x00000800                LCF_USTACK1_SIZE = 0x800
                0x00000400                LCF_ISTACK1_SIZE = 0x400
                0x00002000                LCF_CSA2_SIZE = 0x2000
                0x00000800                LCF_USTACK2_SIZE = 0x800
                0x00000400                LCF_ISTACK2_SIZE = 0x400
                0x00001000                LCF_HEAP_SIZE = 0x1000
                0x50000000                LCF_DSPR2_START = 0x50000000
                0x0001e000                LCF_DSPR2_SIZE = 0x1e000
                0x60000000                LCF_DSPR1_START = 0x60000000
                0x0001e000                LCF_DSPR1_SIZE = 0x1e000
                0x70000000                LCF_DSPR0_START = 0x70000000
                0x0001c000                LCF_DSPR0_SIZE = 0x1c000
                0x0001bc00                LCF_CSA2_OFFSET = ((LCF_DSPR2_SIZE - 0x400) - LCF_CSA2_SIZE)
                0x0001b700                LCF_ISTACK2_OFFSET = ((LCF_CSA2_OFFSET - 0x100) - LCF_ISTACK2_SIZE)
                0x0001ae00                LCF_USTACK2_OFFSET = ((LCF_ISTACK2_OFFSET - 0x100) - LCF_USTACK2_SIZE)
                0x0001bc00                LCF_CSA1_OFFSET = ((LCF_DSPR1_SIZE - 0x400) - LCF_CSA1_SIZE)
                0x0001b700                LCF_ISTACK1_OFFSET = ((LCF_CSA1_OFFSET - 0x100) - LCF_ISTACK1_SIZE)
                0x0001ae00                LCF_USTACK1_OFFSET = ((LCF_ISTACK1_OFFSET - 0x100) - LCF_USTACK1_SIZE)
                0x00019c00                LCF_CSA0_OFFSET = ((LCF_DSPR0_SIZE - 0x400) - LCF_CSA0_SIZE)
                0x00019700                LCF_ISTACK0_OFFSET = ((LCF_CSA0_OFFSET - 0x100) - LCF_ISTACK0_SIZE)
                0x00018e00                LCF_USTACK0_OFFSET = ((LCF_ISTACK0_OFFSET - 0x100) - LCF_USTACK0_SIZE)
                0x00017e00                LCF_HEAP0_OFFSET = (LCF_USTACK0_OFFSET - LCF_HEAP_SIZE)
                0x00019e00                LCF_HEAP1_OFFSET = (LCF_USTACK1_OFFSET - LCF_HEAP_SIZE)
                0x00019e00                LCF_HEAP2_OFFSET = (LCF_USTACK2_OFFSET - LCF_HEAP_SIZE)
                0x801f4000                LCF_INTVEC0_START = 0x801f4000
                0x80000100                LCF_TRAPVEC0_START = 0x80000100
                0x801f6200                LCF_TRAPVEC1_START = 0x801f6200
                0x801f6000                LCF_TRAPVEC2_START = 0x801f6000
                0x80000020                RESET = 0x80000020

.bmhd_0         memory region -> pfls0
                0x80000000       0x20
                0x80000000                BootModeHeader0 = .
 *(.bmhd_0)
 .bmhd_0        0x80000000       0x20 IfxCpu_CStart0.o
                0x80000000                BootModeHeader_0

.bmhd_1         memory region -> pfls0
                0x80020000       0x20
                0x80020000                BootModeIndex = .
 *(.bmhd_1)
 .bmhd_1        0x80020000       0x20 IfxCpu_CStart0.o
                0x80020000                BootModeHeader_1

.startup        memory region -> pfls0
                0x80000020        0xc
                0x80000020                BootModeIndex = .
                0x80000020                . = ALIGN (0x4)
 *(.start)
 .start         0x80000020        0xc IfxCpu_CStart0.o
                0x80000020                _START
                0x8000002c                . = ALIGN (0x4)

.interface_const memory region -> pfls0
                0x80000040        0x0
                0x80000040                __IF_CONST = .
 *(.interface_const)
                0x80000040                . = ALIGN (0x4)

.traptab_tc0    memory region -> pfls0
                0x80000100      0x100
                0x80000100                PROVIDE (__TRAPTAB_CPU0, .)
 *(.traptab_cpu0)
 .traptab_cpu0  0x80000100      0x100 IfxCpu_Trap.o
                0x80000100                IfxCpu_Trap_vectorTable0

.zrodata
 *(.zrodata)
 *(.zrodata.*)

.sdata2         memory region -> pfls0
                0x80000200        0xc
 *(.srodata)
 .srodata       0x80000200        0xc aurix_mbd_test.o
                0x80000208                aurix_mbd_test_M
 *(.srodata.*)
                0x80008200                _SMALL_DATA2_ = SIZEOF (.sdata2)?(ADDR (.sdata2) + 0x8000):((ADDR (.sdata2) & 0xf0000000) + 0x8000)
                0x80008200                __A1_MEM = _SMALL_DATA2_

.rodata         memory region -> pfls0
                0x8000020c     0x111c
 *(.rodata)
 .rodata        0x8000020c       0x24 Htx_ASCLIN.o
 .rodata        0x80000230      0x5a8 Htx_VADC_UserCfg.o
                0x80000230                Htx_VADC_UserConfig
 .rodata        0x800007d8      0x6b0 IfxAsclin_PinMap.o
                0x800007d8                IfxAsclin3_TX_P32_3_OUT
                0x800007e8                IfxAsclin3_TX_P32_2_OUT
                0x800007f8                IfxAsclin3_TX_P22_1_OUT
                0x80000808                IfxAsclin3_TX_P22_0_OUT
                0x80000818                IfxAsclin3_TX_P21_7_OUT
                0x80000828                IfxAsclin3_TX_P20_3_OUT
                0x80000838                IfxAsclin3_TX_P20_0_OUT
                0x80000848                IfxAsclin3_TX_P15_7_OUT
                0x80000858                IfxAsclin3_TX_P15_6_OUT
                0x80000868                IfxAsclin3_TX_P11_1_OUT
                0x80000878                IfxAsclin3_TX_P11_0_OUT
                0x80000888                IfxAsclin3_TX_P00_1_OUT
                0x80000898                IfxAsclin3_TX_P00_0_OUT
                0x800008a8                IfxAsclin2_TX_P33_9_OUT
                0x800008b8                IfxAsclin2_TX_P33_8_OUT
                0x800008c8                IfxAsclin2_TX_P32_5_OUT
                0x800008d8                IfxAsclin2_TX_P14_3_OUT
                0x800008e8                IfxAsclin2_TX_P14_2_OUT
                0x800008f8                IfxAsclin2_TX_P10_5_OUT
                0x80000908                IfxAsclin2_TX_P02_9_OUT
                0x80000918                IfxAsclin2_TX_P02_0_OUT
                0x80000928                IfxAsclin1_TX_P33_13_OUT
                0x80000938                IfxAsclin1_TX_P33_12_OUT
                0x80000948                IfxAsclin1_TX_P20_10_OUT
                0x80000958                IfxAsclin1_TX_P15_5_OUT
                0x80000968                IfxAsclin1_TX_P15_4_OUT
                0x80000978                IfxAsclin1_TX_P15_1_OUT
                0x80000988                IfxAsclin1_TX_P15_0_OUT
                0x80000998                IfxAsclin1_TX_P14_10_OUT
                0x800009a8                IfxAsclin1_TX_P11_12_OUT
                0x800009b8                IfxAsclin1_TX_P02_2_OUT
                0x800009c8                IfxAsclin0_TX_P34_1_OUT
                0x800009d8                IfxAsclin0_TX_P15_3_OUT
                0x800009e8                IfxAsclin0_TX_P15_2_OUT
                0x800009f8                IfxAsclin0_TX_P14_1_OUT
                0x80000a08                IfxAsclin0_TX_P14_0_OUT
                0x80000a18                IfxAsclin3_SLSO_P33_1_OUT
                0x80000a28                IfxAsclin3_SLSO_P21_6_OUT
                0x80000a38                IfxAsclin3_SLSO_P21_2_OUT
                0x80000a48                IfxAsclin3_SLSO_P14_3_OUT
                0x80000a58                IfxAsclin3_SLSO_P12_1_OUT
                0x80000a68                IfxAsclin3_SLSO_P00_3_OUT
                0x80000a78                IfxAsclin2_SLSO_P33_6_OUT
                0x80000a88                IfxAsclin2_SLSO_P10_5_OUT
                0x80000a98                IfxAsclin2_SLSO_P02_3_OUT
                0x80000aa8                IfxAsclin1_SLSO_P33_10_OUT
                0x80000ab8                IfxAsclin1_SLSO_P20_8_OUT
                0x80000ac8                IfxAsclin1_SLSO_P14_3_OUT
                0x80000ad8                IfxAsclin3_SCLK_P33_2_OUT
                0x80000ae8                IfxAsclin3_SCLK_P32_3_OUT
                0x80000af8                IfxAsclin3_SCLK_P21_7_OUT
                0x80000b08                IfxAsclin3_SCLK_P21_5_OUT
                0x80000b18                IfxAsclin3_SCLK_P20_0_OUT
                0x80000b28                IfxAsclin3_SCLK_P15_8_OUT
                0x80000b38                IfxAsclin3_SCLK_P15_6_OUT
                0x80000b48                IfxAsclin3_SCLK_P11_4_OUT
                0x80000b58                IfxAsclin3_SCLK_P11_1_OUT
                0x80000b68                IfxAsclin3_SCLK_P00_2_OUT
                0x80000b78                IfxAsclin3_SCLK_P00_0_OUT
                0x80000b88                IfxAsclin2_SCLK_P33_9_OUT
                0x80000b98                IfxAsclin2_SCLK_P33_7_OUT
                0x80000ba8                IfxAsclin2_SCLK_P14_2_OUT
                0x80000bb8                IfxAsclin2_SCLK_P10_6_OUT
                0x80000bc8                IfxAsclin2_SCLK_P02_4_OUT
                0x80000bd8                IfxAsclin1_SCLK_P33_12_OUT
                0x80000be8                IfxAsclin1_SCLK_P33_11_OUT
                0x80000bf8                IfxAsclin1_SCLK_P20_10_OUT
                0x80000c08                IfxAsclin1_SCLK_P15_0_OUT
                0x80000c18                IfxAsclin0_SCLK_P15_2_OUT
                0x80000c28                IfxAsclin0_SCLK_P14_0_OUT
                0x80000c38                IfxAsclin3_RXG_P21_3_IN
                0x80000c48                IfxAsclin3_RXG_P21_2_IN
                0x80000c58                IfxAsclin3_RXF_P21_6_IN
                0x80000c68                IfxAsclin3_RXE_P00_1_IN
                0x80000c78                IfxAsclin3_RXD_P32_2_IN
                0x80000c88                IfxAsclin3_RXC_P20_3_IN
                0x80000c98                IfxAsclin3_RXB_P11_0_IN
                0x80000ca8                IfxAsclin3_RXA_P15_7_IN
                0x80000cb8                IfxAsclin2_RXG_P02_0_IN
                0x80000cc8                IfxAsclin2_RXF_P32_6_IN
                0x80000cd8                IfxAsclin2_RXE_P33_8_IN
                0x80000ce8                IfxAsclin2_RXD_P10_6_IN
                0x80000cf8                IfxAsclin2_RXC_P02_10_IN
                0x80000d08                IfxAsclin2_RXB_P02_1_IN
                0x80000d18                IfxAsclin2_RXA_P14_3_IN
                0x80000d28                IfxAsclin1_RXG_P02_3_IN
                0x80000d38                IfxAsclin1_RXF_P33_13_IN
                0x80000d48                IfxAsclin1_RXE_P11_10_IN
                0x80000d58                IfxAsclin1_RXD_P14_8_IN
                0x80000d68                IfxAsclin1_RXC_P20_9_IN
                0x80000d78                IfxAsclin1_RXB_P15_5_IN
                0x80000d88                IfxAsclin1_RXA_P15_1_IN
                0x80000d98                IfxAsclin0_RXD_P34_2_IN
                0x80000da8                IfxAsclin0_RXB_P15_3_IN
                0x80000db8                IfxAsclin0_RXA_P14_1_IN
                0x80000dc8                IfxAsclin3_RTS_P00_9_OUT
                0x80000dd8                IfxAsclin2_RTS_P33_4_OUT
                0x80000de8                IfxAsclin2_RTS_P10_8_OUT
                0x80000df8                IfxAsclin1_RTS_P23_1_OUT
                0x80000e08                IfxAsclin1_RTS_P20_6_OUT
                0x80000e18                IfxAsclin0_RTS_P14_7_OUT
                0x80000e28                IfxAsclin3_CTSA_P00_12_IN
                0x80000e38                IfxAsclin2_CTSB_P33_5_IN
                0x80000e48                IfxAsclin2_CTSA_P10_7_IN
                0x80000e58                IfxAsclin1_CTSB_P32_4_IN
                0x80000e68                IfxAsclin1_CTSA_P20_7_IN
                0x80000e78                IfxAsclin0_CTSA_P14_9_IN
 .rodata        0x80000e88       0x20 IfxAsclin_cfg.o
                0x80000e88                IfxAsclin_cfg_indexMap
 .rodata        0x80000ea8      0x100 IfxPort_cfg.o
                0x80000ea8                IfxPort_cfg_indexMap
                0x80000f28                IfxPort_cfg_esrMasks
 .rodata        0x80000fa8       0x78 IfxScuCcu.o
                0x80000fa8                IfxScuCcu_defaultClockConfig
 .rodata        0x80001020       0x14 c:/hightec/toolchains/tricore/v4.9.1.0-infineon-2.0/bin/../lib/gcc/tricore/4.9.4\libgcc.a(_thenan_df.o)
                0x80001020                __thenan_df
 .rodata        0x80001034       0x54 c:/hightec/toolchains/tricore/v4.9.1.0-infineon-2.0/bin/../lib/gcc/tricore/4.9.4/../../../../tricore/lib\libc.a(lib_a-svfprintf.o)
 .rodata        0x80001088        0xf c:/hightec/toolchains/tricore/v4.9.1.0-infineon-2.0/bin/../lib/gcc/tricore/4.9.4/../../../../tricore/lib\libc.a(lib_a-dtoa.o)
 *fill*         0x80001097        0x1 00
 .rodata        0x80001098        0x8 c:/hightec/toolchains/tricore/v4.9.1.0-infineon-2.0/bin/../lib/gcc/tricore/4.9.4/../../../../tricore/lib\libc.a(lib_a-impure.o)
                0x80001098                _global_impure_ptr
 .rodata        0x800010a0       0x44 c:/hightec/toolchains/tricore/v4.9.1.0-infineon-2.0/bin/../lib/gcc/tricore/4.9.4/../../../../tricore/lib\libc.a(lib_a-locale.o)
 .rodata        0x800010e4      0x124 c:/hightec/toolchains/tricore/v4.9.1.0-infineon-2.0/bin/../lib/gcc/tricore/4.9.4/../../../../tricore/lib\libc.a(lib_a-mprec.o)
                0x800010f0                __mprec_tinytens
                0x80001118                __mprec_bigtens
                0x80001140                __mprec_tens
 *(.rodata.*)
 *(.gnu.linkonce.r.*)
                0x80001208                . = ALIGN (0x4)
                0x80001208                PROVIDE (__clear_table, .)
                0x80001208        0x4 LONG 0x50000000 (0x0 + ADDR (.CPU2.zbss))
                0x8000120c        0x4 LONG 0x0 SIZEOF (.CPU2.zbss)
                0x80001210        0x4 LONG 0x50000000 (0x0 + ADDR (.CPU2.bss))
                0x80001214        0x4 LONG 0x0 SIZEOF (.CPU2.bss)
                0x80001218        0x4 LONG 0x60000000 (0x0 + ADDR (.CPU1.zbss))
                0x8000121c        0x4 LONG 0x0 SIZEOF (.CPU1.zbss)
                0x80001220        0x4 LONG 0x60000000 (0x0 + ADDR (.CPU1.bss))
                0x80001224        0x4 LONG 0x0 SIZEOF (.CPU1.bss)
                0x80001228        0x4 LONG 0x70000000 (0x0 + ADDR (.CPU0.zbss))
                0x8000122c        0x4 LONG 0x0 SIZEOF (.CPU0.zbss)
                0x80001230        0x4 LONG 0x700019b8 (0x0 + ADDR (.CPU0.bss))
                0x80001234        0x4 LONG 0x10 SIZEOF (.CPU0.bss)
                0x80001238        0x4 LONG 0x70000000 (0x0 + ADDR (.zbss))
                0x8000123c        0x4 LONG 0x0 SIZEOF (.zbss)
                0x80001240        0x4 LONG 0x70000000 (0x0 + ADDR (.sbss))
                0x80001244        0x4 LONG 0x0 SIZEOF (.sbss)
                0x80001248        0x4 LONG 0x70000848 (0x0 + ADDR (.bss))
                0x8000124c        0x4 LONG 0x170 SIZEOF (.bss)
                0x80001250        0x4 LONG 0x90000000 (0x0 + ADDR (.sbss4))
                0x80001254        0x4 LONG 0x0 SIZEOF (.sbss4)
                0x80001258        0x4 LONG 0xbf000000 (0x0 + ADDR (.bss_emem))
                0x8000125c        0x4 LONG 0x0 SIZEOF (.bss_emem)
                0x80001260        0x4 LONG 0xffffffff
                0x80001264        0x4 LONG 0xffffffff
                0x80001268                PROVIDE (__copy_table, .)
                0x80001268        0x4 LONG 0x801f6300 LOADADDR (.CPU2.zdata)
                0x8000126c        0x4 LONG 0x50000000 (0x0 + ADDR (.CPU2.zdata))
                0x80001270        0x4 LONG 0x0 SIZEOF (.CPU2.zdata)
                0x80001274        0x4 LONG 0x801f6b48 LOADADDR (.CPU2.data)
                0x80001278        0x4 LONG 0x50000000 (0x0 + ADDR (.CPU2.data))
                0x8000127c        0x4 LONG 0x0 SIZEOF (.CPU2.data)
                0x80001280        0x4 LONG 0x801f6300 LOADADDR (.CPU1.zdata)
                0x80001284        0x4 LONG 0x60000000 (0x0 + ADDR (.CPU1.zdata))
                0x80001288        0x4 LONG 0x0 SIZEOF (.CPU1.zdata)
                0x8000128c        0x4 LONG 0x801f6b48 LOADADDR (.CPU1.data)
                0x80001290        0x4 LONG 0x60000000 (0x0 + ADDR (.CPU1.data))
                0x80001294        0x4 LONG 0x0 SIZEOF (.CPU1.data)
                0x80001298        0x4 LONG 0x801f6300 LOADADDR (.CPU0.zdata)
                0x8000129c        0x4 LONG 0x70000000 (0x0 + ADDR (.CPU0.zdata))
                0x800012a0        0x4 LONG 0x0 SIZEOF (.CPU0.zdata)
                0x800012a4        0x4 LONG 0x801f6b48 LOADADDR (.CPU0.data)
                0x800012a8        0x4 LONG 0x700019b8 (0x0 + ADDR (.CPU0.data))
                0x800012ac        0x4 LONG 0x0 SIZEOF (.CPU0.data)
                0x800012b0        0x4 LONG 0x801f6300 LOADADDR (.zdata)
                0x800012b4        0x4 LONG 0x70000000 (0x0 + ADDR (.zdata))
                0x800012b8        0x4 LONG 0x0 SIZEOF (.zdata)
                0x800012bc        0x4 LONG 0x801f6300 LOADADDR (.sdata)
                0x800012c0        0x4 LONG 0x70000000 (0x0 + ADDR (.sdata))
                0x800012c4        0x4 LONG 0x0 SIZEOF (.sdata)
                0x800012c8        0x4 LONG 0x801f6300 LOADADDR (.data)
                0x800012cc        0x4 LONG 0x70000000 (0x0 + ADDR (.data))
                0x800012d0        0x4 LONG 0x848 SIZEOF (.data)
                0x800012d4        0x4 LONG 0x801f6b48 LOADADDR (.data_emem)
                0x800012d8        0x4 LONG 0xbf000000 (0x0 + ADDR (.data_emem))
                0x800012dc        0x4 LONG 0x0 SIZEOF (.data_emem)
                0x800012e0        0x4 LONG 0x801f6b48 LOADADDR (.data_lmu)
                0x800012e4        0x4 LONG 0x90000000 (0x0 + ADDR (.data_lmu))
                0x800012e8        0x4 LONG 0x0 SIZEOF (.data_lmu)
                0x800012ec        0x4 LONG 0x801f6b48 LOADADDR (.sdata4)
                0x800012f0        0x4 LONG 0x90000000 (0x0 + ADDR (.sdata4))
                0x800012f4        0x4 LONG 0x0 SIZEOF (.sdata4)
                0x800012f8        0x4 LONG 0x801f6b48 LOADADDR (.CPU0.psram_text)
                0x800012fc        0x4 LONG 0x70100000 (0x0 + ADDR (.CPU0.psram_text))
                0x80001300        0x4 LONG 0x0 SIZEOF (.CPU0.psram_text)
                0x80001304        0x4 LONG 0x801f6b48 LOADADDR (.CPU1.psram_text)
                0x80001308        0x4 LONG 0x60100000 (0x0 + ADDR (.CPU1.psram_text))
                0x8000130c        0x4 LONG 0x0 SIZEOF (.CPU1.psram_text)
                0x80001310        0x4 LONG 0x801f6b48 LOADADDR (.CPU2.psram_text)
                0x80001314        0x4 LONG 0x50100000 (0x0 + ADDR (.CPU2.psram_text))
                0x80001318        0x4 LONG 0x0 SIZEOF (.CPU2.psram_text)
                0x8000131c        0x4 LONG 0xffffffff
                0x80001320        0x4 LONG 0xffffffff
                0x80001324        0x4 LONG 0xffffffff
                0x80001328                . = ALIGN (0x8)

.text           memory region -> pfls0
                0x80001328     0xa244
 *(.text)
 .text          0x80001328      0x16e aurix_mbd_test.o
                0x80001328                Core0_Scheduler
                0x80001356                aurix_mbd_test_Core0_Init
                0x800013a8                aurix_mbd_test_Core0_run_Init
                0x800013b6                aurix_mbd_test_Core0_run_Reset
                0x800013c4                aurix_mbd_test_Core0_run
                0x80001454                aurix_mbd_test_initialize
                0x80001490                aurix_mbd_test_terminate
                0x80001492                CoreInitialisation_0_Pre
 .text          0x80001496       0x56 ert_main.o
                0x80001496                asclin0TxISR
                0x800014a0                asclin0RxISR
                0x800014aa                asclin0ErISR
                0x800014b4                SCHEDULER_ISR_CALLER
                0x800014be                core0_main
 .text          0x800014ec       0xe8 CompilerGnuc.o
                0x800014ec                Ifx_C_Init
 .text          0x800015d4       0xb4 Htx_ASCLIN.o
                0x800015d4                Htx_ASCLIN_Asc_USB_Config
                0x8000164c                Htx_ASCLIN_Asc_USB_Write
                0x80001664                Htx_ASCLIN_Asc_USB_TxISR
                0x80001670                Htx_ASCLIN_Asc_USB_RxISR
                0x8000167c                Htx_ASCLIN_Asc_USB_ErISR
 .text          0x80001688      0x126 Htx_Sb_Setup.o
                0x80001688                Htx_Sb_Setup_Pins
                0x8000179e                Htx_Sb_Setup
 .text          0x800017ae       0x9c Htx_ScheduleTimer.o
                0x800017ae                Htx_ScheduleTimer_Init
                0x8000181e                Htx_ScheduleTimer_ISR
                0x8000183c                Htx_ScheduleTimer_getmsCounter
 .text          0x8000184a      0xaa2 Htx_VADC.o
                0x8000184a                Htx_VADC_Init
                0x8000223c                Htx_VADC_TriggerGroupConv
                0x8000225a                Htx_VADC_TriggerChannelConv
                0x80002282                Htx_VADC_ReadResult
                0x800022a0                Htx_VADC_TriggerAndReadResult
 .text          0x800022ec      0x7f8 IfxAsclin.o
                0x800022ec                IfxAsclin_disableModule
                0x80002308                IfxAsclin_enableAscErrorFlags
                0x80002336                IfxAsclin_enableModule
                0x80002352                IfxAsclin_getAddress
                0x80002368                IfxAsclin_getFaFrequency
                0x800023e0                IfxAsclin_getIndex
                0x80002418                IfxAsclin_getOvsFrequency
                0x800024c6                IfxAsclin_getPdFrequency
                0x800025aa                IfxAsclin_getShiftFrequency
                0x80002666                IfxAsclin_getSrcPointerEr
                0x800026b2                IfxAsclin_getSrcPointerRx
                0x800026fe                IfxAsclin_getSrcPointerTx
                0x8000274a                IfxAsclin_read16
                0x8000275e                IfxAsclin_read32
                0x80002772                IfxAsclin_read8
                0x8000278c                IfxAsclin_resetModule
                0x800027d2                IfxAsclin_setBaudrateBitFields
                0x8000283c                IfxAsclin_setBitTiming
                0x80002a7e                IfxAsclin_setClockSource
                0x80002aa0                IfxAsclin_write16
                0x80002ab6                IfxAsclin_write32
                0x80002aca                IfxAsclin_write8
 .text          0x80002ae4      0x948 IfxAsclin_Asc.o
                0x80002ae4                IfxAsclin_Asc_getReadCount
                0x80002aea                IfxAsclin_Asc_getReadEvent
                0x80002af4                IfxAsclin_Asc_getSendCount
                0x80002afa                IfxAsclin_Asc_getTxTimeStamp
                0x80002b00                IfxAsclin_Asc_getWriteCount
                0x80002b0e                IfxAsclin_Asc_getWriteEvent
                0x80002b18                IfxAsclin_Asc_isrError
                0x80002b8a                IfxAsclin_Asc_resetSendCount
                0x80002b90                IfxAsclin_Asc_canReadCount
                0x80002b98                IfxAsclin_Asc_flushTx
                0x80002c40                IfxAsclin_Asc_canWriteCount
                0x80002c48                IfxAsclin_Asc_clearRx
                0x80002c58                IfxAsclin_Asc_clearTx
                0x80002c6c                IfxAsclin_Asc_read
                0x80002c88                IfxAsclin_Asc_isrTransmit
                0x80002d0a                IfxAsclin_Asc_isrReceive
                0x80002d8e                IfxAsclin_Asc_write
                0x80002e08                IfxAsclin_Asc_blockingRead
                0x80002e30                IfxAsclin_Asc_blockingWrite
                0x80002eaa                IfxAsclin_Asc_disableModule
                0x80002ec6                IfxAsclin_Asc_initModule
                0x80003274                IfxAsclin_Asc_initModuleConfig
                0x800032fa                IfxAsclin_Asc_initiateTransmission
                0x80003366                IfxAsclin_Asc_stdIfDPipeInit
 .text          0x8000342c      0x2ea IfxCpu_CStart0.o
                0x8000342c                _Core0_start
                0x8000366e                checkShieldBuddy
 .text          0x80003716      0x2e0 IfxCpu_Trap.o
                0x80003716                IfxCpu_Trap_memoryManagementError
                0x8000374c                IfxCpu_Trap_internalProtectionError
                0x80003786                IfxCpu_Trap_instructionError
                0x800037c0                IfxCpu_Trap_contextManagementError
                0x800037fa                IfxCpu_Trap_busError
                0x80003834                IfxCpu_Trap_assertion
                0x8000386e                IfxCpu_Trap_systemCall_Cpu0
                0x800038a6                IfxCpu_Trap_systemCall_Cpu1
                0x800038de                IfxCpu_Trap_systemCall_Cpu2
                0x80003916                IfxCpu_Trap_nonMaskableInterrupt
                0x8000394e                IfxCpu_Trap_systemCall_Cpu3
                0x80003986                IfxCpu_Trap_systemCall_Cpu4
                0x800039be                IfxCpu_Trap_systemCall_Cpu5
 *fill*         0x800039f6        0x2 00
 .text          0x800039f8      0x4e8 IfxGpt12.o
                0x800039f8                IfxGpt12_T2_getFrequency
                0x80003a68                IfxGpt12_T3_getFrequency
                0x80003ad8                IfxGpt12_T4_getFrequency
                0x80003b48                IfxGpt12_T5_getFrequency
                0x80003bb8                IfxGpt12_T6_getFrequency
                0x80003c28                IfxGpt12_disableModule
                0x80003c44                IfxGpt12_enableModule
                0x80003c60                IfxGpt12_initTxEudInPin
                0x80003ce8                IfxGpt12_initTxInPin
                0x80003d70                IfxGpt12_resetModule
                0x80003db6                IfxGpt12_initTxEudInPinWithPadLevel
                0x80003e4c                IfxGpt12_initTxInPinWithPadLevel
 .text          0x80003ee0      0x5e2 IfxPort.o
                0x80003ee0                IfxPort_disableEmergencyStop
                0x80003fd4                IfxPort_enableEmergencyStop
                0x80004034                IfxPort_getAddress
                0x8000404c                IfxPort_getIndex
                0x8000410c                IfxPort_resetESR
                0x80004134                IfxPort_setESR
                0x8000415e                IfxPort_setGroupModeInput
                0x8000421a                IfxPort_setGroupModeOutput
                0x800042d8                IfxPort_setGroupPadDriver
                0x8000437c                IfxPort_setPinMode
                0x800043dc                IfxPort_setPinModeLvdsHigh
                0x80004444                IfxPort_setPinModeLvdsMedium
                0x80004486                IfxPort_setPinPadDriver
 *fill*         0x800044c2        0x2 00
 .text          0x800044c4     0x231c IfxScuCcu.o
                0x800045a8                IfxScuCcu_calculateSysPllDividers
                0x800046aa                IfxScuCcu_getBaud1Frequency
                0x80004808                IfxScuCcu_getBaud2Frequency
                0x80004968                IfxScuCcu_getBbbFrequency
                0x80004aa0                IfxScuCcu_getCpuFrequency
                0x80004c1e                IfxScuCcu_getFsi2Frequency
                0x80004d9c                IfxScuCcu_getFsiFrequency
                0x80004f18                IfxScuCcu_getMaxFrequency
                0x80005046                IfxScuCcu_getModuleFrequency
                0x800051d0                IfxScuCcu_getOsc0Frequency
                0x800051de                IfxScuCcu_getOscFrequency
                0x80005210                IfxScuCcu_getPllErayFrequency
                0x800052b4                IfxScuCcu_getPllErayVcoFrequency
                0x8000531e                IfxScuCcu_getPllFrequency
                0x800053ca                IfxScuCcu_getPllVcoFrequency
                0x80005434                IfxScuCcu_getSourceFrequency
                0x800054ea                IfxScuCcu_getSpbFrequency
                0x80005624                IfxScuCcu_getSriFrequency
                0x8000575c                IfxScuCcu_init
                0x80005b4c                IfxScuCcu_initConfig
                0x80005b68                IfxScuCcu_initErayPll
                0x80005d00                IfxScuCcu_initErayPllConfig
                0x80005d12                IfxScuCcu_setCpuFrequency
                0x80005eea                IfxScuCcu_setGtmFrequency
                0x800060e0                IfxScuCcu_setPll2ErayFrequency
                0x80006202                IfxScuCcu_setPll2Frequency
                0x80006324                IfxScuCcu_setSpbFrequency
                0x8000648a                IfxScuCcu_setSriFrequency
                0x800065c6                IfxScuCcu_switchToBackupClock
 .text          0x800067e0      0x59c IfxScuWdt.o
                0x800067e0                IfxScuWdt_changeCpuWatchdogPassword
                0x80006818                IfxScuWdt_changeCpuWatchdogReload
                0x80006850                IfxScuWdt_changeSafetyWatchdogPassword
                0x80006884                IfxScuWdt_changeSafetyWatchdogReload
                0x800068b8                IfxScuWdt_clearCpuEndinit
                0x800068ee                IfxScuWdt_clearSafetyEndinit
                0x80006920                IfxScuWdt_disableCpuWatchdog
                0x8000697a                IfxScuWdt_disableSafetyWatchdog
                0x800069e8                IfxScuWdt_enableCpuWatchdog
                0x80006a44                IfxScuWdt_enableSafetyWatchdog
                0x80006ab4                IfxScuWdt_getCpuWatchdogPassword
                0x80006ad4                IfxScuWdt_getSafetyWatchdogPassword
                0x80006ae8                IfxScuWdt_initConfig
                0x80006b02                IfxScuWdt_initCpuWatchdog
                0x80006bd4                IfxScuWdt_initSafetyWatchdog
                0x80006cac                IfxScuWdt_serviceCpuWatchdog
                0x80006ce2                IfxScuWdt_serviceSafetyWatchdog
                0x80006d14                IfxScuWdt_setCpuEndinit
                0x80006d4a                IfxScuWdt_setSafetyEndinit
 .text          0x80006d7c      0x1ca Ifx_CircularBuffer.o
                0x80006d7c                Ifx_CircularBuffer_get32
                0x80006d9c                Ifx_CircularBuffer_get16
                0x80006dbe                Ifx_CircularBuffer_addDataIncr
                0x80006dde                Ifx_CircularBuffer_read8
                0x80006e3e                Ifx_CircularBuffer_read32
                0x80006e92                Ifx_CircularBuffer_write8
                0x80006ef2                Ifx_CircularBuffer_write32
 .text          0x80006f46      0x59a Ifx_Fifo.o
                0x80006f46                Ifx_Fifo_create
                0x80006f90                Ifx_Fifo_destroy
                0x80006f94                Ifx_Fifo_init
                0x80006fce                Ifx_Fifo_canReadCount
                0x800070b4                Ifx_Fifo_read
                0x8000722a                Ifx_Fifo_clear
                0x80007260                Ifx_Fifo_canWriteCount
                0x8000735a                Ifx_Fifo_write
 *(.text.*)
 .text.__extendsfdf2
                0x800074e0       0x32 c:/hightec/toolchains/tricore/v4.9.1.0-infineon-2.0/bin/../lib/gcc/tricore/4.9.4\libgcc.a(_sf_to_df.o)
                0x800074e0                __extendsfdf2
 .text._fpadd_parts
                0x80007512      0x1a4 c:/hightec/toolchains/tricore/v4.9.1.0-infineon-2.0/bin/../lib/gcc/tricore/4.9.4\libgcc.a(_addsub_df.o)
 .text.__adddf3
                0x800076b6       0x38 c:/hightec/toolchains/tricore/v4.9.1.0-infineon-2.0/bin/../lib/gcc/tricore/4.9.4\libgcc.a(_addsub_df.o)
                0x800076b6                __adddf3
 .text.__subdf3
                0x800076ee       0x40 c:/hightec/toolchains/tricore/v4.9.1.0-infineon-2.0/bin/../lib/gcc/tricore/4.9.4\libgcc.a(_addsub_df.o)
                0x800076ee                __subdf3
 .text.__divdf3
                0x8000772e      0x11a c:/hightec/toolchains/tricore/v4.9.1.0-infineon-2.0/bin/../lib/gcc/tricore/4.9.4\libgcc.a(_div_df.o)
                0x8000772e                __divdf3
 .text.__make_dp
                0x80007848       0x1e c:/hightec/toolchains/tricore/v4.9.1.0-infineon-2.0/bin/../lib/gcc/tricore/4.9.4\libgcc.a(_make_df.o)
                0x80007848                __make_dp
 .text.__truncdfsf2
                0x80007866       0x3c c:/hightec/toolchains/tricore/v4.9.1.0-infineon-2.0/bin/../lib/gcc/tricore/4.9.4\libgcc.a(_df_to_sf.o)
                0x80007866                __truncdfsf2
 .text.libgcc   0x800078a2       0x1a c:/hightec/toolchains/tricore/v4.9.1.0-infineon-2.0/bin/../lib/gcc/tricore/4.9.4\libgcc.a(_ashldi3.o)
                0x800078a2                __ashldi3
 .text.libgcc   0x800078bc       0x26 c:/hightec/toolchains/tricore/v4.9.1.0-infineon-2.0/bin/../lib/gcc/tricore/4.9.4\libgcc.a(_lshrdi3.o)
                0x800078bc                __lshrdi3
 .text.__unpack_f
                0x800078e2       0x7a c:/hightec/toolchains/tricore/v4.9.1.0-infineon-2.0/bin/../lib/gcc/tricore/4.9.4\libgcc.a(_unpack_sf.o)
                0x800078e2                __unpack_f
 .text.__make_fp
                0x8000795c       0x16 c:/hightec/toolchains/tricore/v4.9.1.0-infineon-2.0/bin/../lib/gcc/tricore/4.9.4\libgcc.a(_make_sf.o)
                0x8000795c                __make_fp
 .text.__pack_d
                0x80007972      0x118 c:/hightec/toolchains/tricore/v4.9.1.0-infineon-2.0/bin/../lib/gcc/tricore/4.9.4\libgcc.a(_pack_df.o)
                0x80007972                __pack_d
 .text.__unpack_d
                0x80007a8a       0xae c:/hightec/toolchains/tricore/v4.9.1.0-infineon-2.0/bin/../lib/gcc/tricore/4.9.4\libgcc.a(_unpack_df.o)
                0x80007a8a                __unpack_d
 .text.__pack_f
                0x80007b38       0xc6 c:/hightec/toolchains/tricore/v4.9.1.0-infineon-2.0/bin/../lib/gcc/tricore/4.9.4\libgcc.a(_pack_sf.o)
                0x80007b38                __pack_f
 .text.malloc   0x80007bfe        0xc c:/hightec/toolchains/tricore/v4.9.1.0-infineon-2.0/bin/../lib/gcc/tricore/4.9.4/../../../../tricore/lib\libc.a(lib_a-malloc.o)
                0x80007bfe                malloc
 .text.free     0x80007c0a        0xe c:/hightec/toolchains/tricore/v4.9.1.0-infineon-2.0/bin/../lib/gcc/tricore/4.9.4/../../../../tricore/lib\libc.a(lib_a-malloc.o)
                0x80007c0a                free
 .text._malloc_r
                0x80007c18      0x49e c:/hightec/toolchains/tricore/v4.9.1.0-infineon-2.0/bin/../lib/gcc/tricore/4.9.4/../../../../tricore/lib\libc.a(lib_a-mallocr.o)
                0x80007c18                _malloc_r
 .text.__malloc_lock
                0x800080b6        0x2 c:/hightec/toolchains/tricore/v4.9.1.0-infineon-2.0/bin/../lib/gcc/tricore/4.9.4/../../../../tricore/lib\libc.a(lib_a-mlock.o)
                0x800080b6                __malloc_lock
 .text.__malloc_unlock
                0x800080b8        0x2 c:/hightec/toolchains/tricore/v4.9.1.0-infineon-2.0/bin/../lib/gcc/tricore/4.9.4/../../../../tricore/lib\libc.a(lib_a-mlock.o)
                0x800080b8                __malloc_unlock
 .text._sbrk_r  0x800080ba       0x1e c:/hightec/toolchains/tricore/v4.9.1.0-infineon-2.0/bin/../lib/gcc/tricore/4.9.4/../../../../tricore/lib\libc.a(lib_a-sbrkr.o)
                0x800080ba                _sbrk_r
 .text.snprintf
                0x800080d8       0x58 c:/hightec/toolchains/tricore/v4.9.1.0-infineon-2.0/bin/../lib/gcc/tricore/4.9.4/../../../../tricore/lib\libc.a(lib_a-snprintf.o)
                0x800080d8                snprintf
 .text.strlen   0x80008130       0x14 c:/hightec/toolchains/tricore/v4.9.1.0-infineon-2.0/bin/../lib/gcc/tricore/4.9.4/../../../../tricore/lib\libc.a(lib_a-strlen.o)
                0x80008130                strlen
 .text._svfprintf_r
                0x80008144     0x11b0 c:/hightec/toolchains/tricore/v4.9.1.0-infineon-2.0/bin/../lib/gcc/tricore/4.9.4/../../../../tricore/lib\libc.a(lib_a-svfprintf.o)
                0x80008144                _svfprintf_r
 .text.quorem   0x800092f4      0x128 c:/hightec/toolchains/tricore/v4.9.1.0-infineon-2.0/bin/../lib/gcc/tricore/4.9.4/../../../../tricore/lib\libc.a(lib_a-dtoa.o)
 .text._dtoa_r  0x8000941c      0xcd0 c:/hightec/toolchains/tricore/v4.9.1.0-infineon-2.0/bin/../lib/gcc/tricore/4.9.4/../../../../tricore/lib\libc.a(lib_a-dtoa.o)
                0x8000941c                _dtoa_r
 .text._malloc_trim_r
                0x8000a0ec       0xbc c:/hightec/toolchains/tricore/v4.9.1.0-infineon-2.0/bin/../lib/gcc/tricore/4.9.4/../../../../tricore/lib\libc.a(lib_a-freer.o)
                0x8000a0ec                _malloc_trim_r
 .text._free_r  0x8000a1a8      0x1ac c:/hightec/toolchains/tricore/v4.9.1.0-infineon-2.0/bin/../lib/gcc/tricore/4.9.4/../../../../tricore/lib\libc.a(lib_a-freer.o)
                0x8000a1a8                _free_r
 .text._localeconv_r
                0x8000a354        0xa c:/hightec/toolchains/tricore/v4.9.1.0-infineon-2.0/bin/../lib/gcc/tricore/4.9.4/../../../../tricore/lib\libc.a(lib_a-locale.o)
                0x8000a354                _localeconv_r
 .text.memchr   0x8000a35e       0x18 c:/hightec/toolchains/tricore/v4.9.1.0-infineon-2.0/bin/../lib/gcc/tricore/4.9.4/../../../../tricore/lib\libc.a(lib_a-memchr.o)
                0x8000a35e                memchr
 .text.memcpy   0x8000a376       0x1e c:/hightec/toolchains/tricore/v4.9.1.0-infineon-2.0/bin/../lib/gcc/tricore/4.9.4/../../../../tricore/lib\libc.a(lib_a-memcpy.o)
                0x8000a376                memcpy
 .text._Balloc  0x8000a394       0x56 c:/hightec/toolchains/tricore/v4.9.1.0-infineon-2.0/bin/../lib/gcc/tricore/4.9.4/../../../../tricore/lib\libc.a(lib_a-mprec.o)
                0x8000a394                _Balloc
 .text._Bfree   0x8000a3ea       0x12 c:/hightec/toolchains/tricore/v4.9.1.0-infineon-2.0/bin/../lib/gcc/tricore/4.9.4/../../../../tricore/lib\libc.a(lib_a-mprec.o)
                0x8000a3ea                _Bfree
 .text.__multadd
                0x8000a3fc       0x82 c:/hightec/toolchains/tricore/v4.9.1.0-infineon-2.0/bin/../lib/gcc/tricore/4.9.4/../../../../tricore/lib\libc.a(lib_a-mprec.o)
                0x8000a3fc                __multadd
 .text.__hi0bits
                0x8000a47e       0x42 c:/hightec/toolchains/tricore/v4.9.1.0-infineon-2.0/bin/../lib/gcc/tricore/4.9.4/../../../../tricore/lib\libc.a(lib_a-mprec.o)
                0x8000a47e                __hi0bits
 .text.__lo0bits
                0x8000a4c0       0x66 c:/hightec/toolchains/tricore/v4.9.1.0-infineon-2.0/bin/../lib/gcc/tricore/4.9.4/../../../../tricore/lib\libc.a(lib_a-mprec.o)
                0x8000a4c0                __lo0bits
 .text.__i2b    0x8000a526       0x10 c:/hightec/toolchains/tricore/v4.9.1.0-infineon-2.0/bin/../lib/gcc/tricore/4.9.4/../../../../tricore/lib\libc.a(lib_a-mprec.o)
                0x8000a526                __i2b
 .text.__multiply
                0x8000a536      0x11a c:/hightec/toolchains/tricore/v4.9.1.0-infineon-2.0/bin/../lib/gcc/tricore/4.9.4/../../../../tricore/lib\libc.a(lib_a-mprec.o)
                0x8000a536                __multiply
 .text.__pow5mult
                0x8000a650       0x7c c:/hightec/toolchains/tricore/v4.9.1.0-infineon-2.0/bin/../lib/gcc/tricore/4.9.4/../../../../tricore/lib\libc.a(lib_a-mprec.o)
                0x8000a650                __pow5mult
 .text.__lshift
                0x8000a6cc       0xbc c:/hightec/toolchains/tricore/v4.9.1.0-infineon-2.0/bin/../lib/gcc/tricore/4.9.4/../../../../tricore/lib\libc.a(lib_a-mprec.o)
                0x8000a6cc                __lshift
 .text.__mcmp   0x8000a788       0x42 c:/hightec/toolchains/tricore/v4.9.1.0-infineon-2.0/bin/../lib/gcc/tricore/4.9.4/../../../../tricore/lib\libc.a(lib_a-mprec.o)
                0x8000a788                __mcmp
 .text.__mdiff  0x8000a7ca       0xca c:/hightec/toolchains/tricore/v4.9.1.0-infineon-2.0/bin/../lib/gcc/tricore/4.9.4/../../../../tricore/lib\libc.a(lib_a-mprec.o)
                0x8000a7ca                __mdiff
 .text.__d2b    0x8000a894       0xa8 c:/hightec/toolchains/tricore/v4.9.1.0-infineon-2.0/bin/../lib/gcc/tricore/4.9.4/../../../../tricore/lib\libc.a(lib_a-mprec.o)
                0x8000a894                __d2b
 .text.__fpclassifyd
                0x8000a93c       0x42 c:/hightec/toolchains/tricore/v4.9.1.0-infineon-2.0/bin/../lib/gcc/tricore/4.9.4/../../../../tricore/lib\libc.a(lib_a-s_fpclassify.o)
                0x8000a93c                __fpclassifyd
 .text.__ssprint_r
                0x8000a97e       0xe6 c:/hightec/toolchains/tricore/v4.9.1.0-infineon-2.0/bin/../lib/gcc/tricore/4.9.4/../../../../tricore/lib\libc.a(lib_a-svfiprintf.o)
                0x8000a97e                __ssprint_r
 .text._calloc_r
                0x8000aa64       0x62 c:/hightec/toolchains/tricore/v4.9.1.0-infineon-2.0/bin/../lib/gcc/tricore/4.9.4/../../../../tricore/lib\libc.a(lib_a-callocr.o)
                0x8000aa64                _calloc_r
 .text.memmove  0x8000aac6       0x50 c:/hightec/toolchains/tricore/v4.9.1.0-infineon-2.0/bin/../lib/gcc/tricore/4.9.4/../../../../tricore/lib\libc.a(lib_a-memmove.o)
                0x8000aac6                memmove
 .text.memset   0x8000ab16       0x12 c:/hightec/toolchains/tricore/v4.9.1.0-infineon-2.0/bin/../lib/gcc/tricore/4.9.4/../../../../tricore/lib\libc.a(lib_a-memset.o)
                0x8000ab16                memset
 .text._realloc_r
                0x8000ab28      0x3f0 c:/hightec/toolchains/tricore/v4.9.1.0-infineon-2.0/bin/../lib/gcc/tricore/4.9.4/../../../../tricore/lib\libc.a(lib_a-reallocr.o)
                0x8000ab28                _realloc_r
 .text.sbrk     0x8000af18       0x3e c:/hightec/toolchains/tricore/v4.9.1.0-infineon-2.0/bin/../lib/gcc/tricore/4.9.4/../../../../tricore/lib\libos.a(libos_sbrk.o)
                0x8000af18                sbrk
 .text.__errno  0x8000af56        0xa c:/hightec/toolchains/tricore/v4.9.1.0-infineon-2.0/bin/../lib/gcc/tricore/4.9.4/../../../../tricore/lib\libos.a(libos.o)
                0x8000af56                __errno
 .text.abort    0x8000af60       0x12 c:/hightec/toolchains/tricore/v4.9.1.0-infineon-2.0/bin/../lib/gcc/tricore/4.9.4/../../../../tricore/lib\libos.a(libos_abort.o)
                0x8000af60                abort
 .text._exit    0x8000af72       0x10 c:/hightec/toolchains/tricore/v4.9.1.0-infineon-2.0/bin/../lib/gcc/tricore/4.9.4/../../../../tricore/lib\libos.a(libos_exit.o)
                0x8000af72                _exit
 .text.__muldf3
                0x8000af82      0x1a2 c:/hightec/toolchains/tricore/v4.9.1.0-infineon-2.0/bin/../lib/gcc/tricore/4.9.4\libgcc.a(_mul_df.o)
                0x8000af82                __muldf3
 .text.__eqdf2  0x8000b124       0x40 c:/hightec/toolchains/tricore/v4.9.1.0-infineon-2.0/bin/../lib/gcc/tricore/4.9.4\libgcc.a(_eq_df.o)
                0x8000b124                __eqdf2
 .text.__nedf2  0x8000b164       0x40 c:/hightec/toolchains/tricore/v4.9.1.0-infineon-2.0/bin/../lib/gcc/tricore/4.9.4\libgcc.a(_ne_df.o)
                0x8000b164                __nedf2
 .text.__gtdf2  0x8000b1a4       0x40 c:/hightec/toolchains/tricore/v4.9.1.0-infineon-2.0/bin/../lib/gcc/tricore/4.9.4\libgcc.a(_gt_df.o)
                0x8000b1a4                __gtdf2
 .text.__gedf2  0x8000b1e4       0x40 c:/hightec/toolchains/tricore/v4.9.1.0-infineon-2.0/bin/../lib/gcc/tricore/4.9.4\libgcc.a(_ge_df.o)
                0x8000b1e4                __gedf2
 .text.__ltdf2  0x8000b224       0x40 c:/hightec/toolchains/tricore/v4.9.1.0-infineon-2.0/bin/../lib/gcc/tricore/4.9.4\libgcc.a(_lt_df.o)
                0x8000b224                __ltdf2
 .text.__floatsidf
                0x8000b264       0x48 c:/hightec/toolchains/tricore/v4.9.1.0-infineon-2.0/bin/../lib/gcc/tricore/4.9.4\libgcc.a(_si_to_df.o)
                0x8000b264                __floatsidf
 .text.__fixdfsi
                0x8000b2ac       0x4e c:/hightec/toolchains/tricore/v4.9.1.0-infineon-2.0/bin/../lib/gcc/tricore/4.9.4\libgcc.a(_df_to_si.o)
                0x8000b2ac                __fixdfsi
 .text.__floatunsidf
                0x8000b2fa       0x32 c:/hightec/toolchains/tricore/v4.9.1.0-infineon-2.0/bin/../lib/gcc/tricore/4.9.4\libgcc.a(_usi_to_df.o)
                0x8000b2fa                __floatunsidf
 .text.__udivdi3
                0x8000b32c       0xb4 c:/hightec/toolchains/tricore/v4.9.1.0-infineon-2.0/bin/../lib/gcc/tricore/4.9.4\libgcc.a(udivdi3.o)
                0x8000b32c                __udivdi3
 .text.__umoddi3
                0x8000b3e0       0x28 c:/hightec/toolchains/tricore/v4.9.1.0-infineon-2.0/bin/../lib/gcc/tricore/4.9.4\libgcc.a(umoddi3.o)
                0x8000b3e0                __umoddi3
 .text.__fpcmp_parts_d
                0x8000b408       0xa8 c:/hightec/toolchains/tricore/v4.9.1.0-infineon-2.0/bin/../lib/gcc/tricore/4.9.4\libgcc.a(_fpcmp_parts_df.o)
                0x8000b408                __fpcmp_parts_d
 .text.__udiv6432
                0x8000b4b0       0xbc c:/hightec/toolchains/tricore/v4.9.1.0-infineon-2.0/bin/../lib/gcc/tricore/4.9.4\libgcc.a(udiv6432.o)
                0x8000b4b0                __udiv6432
 *(.gnu.linkonce.t.*)
 *(.gnu.warning)
                0x8000b56c                . = ALIGN (0x4)

.eh_frame       memory region -> pfls0
                0x8000b56c        0x4
 *(.gcc_except_table)
                0x8000b56c                __EH_FRAME_BEGIN__ = .
 *(.eh_frame)
                0x8000b56c                __EH_FRAME_END__ = .
                0x8000b570                . = ALIGN (0x8)
 *fill*         0x8000b56c        0x4 00

.ctors          memory region -> pfls0
                0x8000b570        0x8
                0x8000b570                __CTOR_LIST__ = .
                0x8000b570        0x4 LONG 0x0 (((__CTOR_END__ - __CTOR_LIST__) / 0x4) - 0x2)
 *(.ctors)
                0x8000b574        0x4 LONG 0x0
                0x8000b578                __CTOR_END__ = .
                0x8000b578                . = ALIGN (0x8)

.dtors          memory region -> pfls0
                0x8000b578        0x8
                0x8000b578                __DTOR_LIST__ = .
                0x8000b578        0x4 LONG 0x0 (((__DTOR_END__ - __DTOR_LIST__) / 0x4) - 0x2)
 *(.dtors)
                0x8000b57c        0x4 LONG 0x0
                0x8000b580                __DTOR_END__ = .
                0x8000b580                . = ALIGN (0x8)

.traptab_tc2    memory region -> pfls0
                0x801f6000      0x100
                0x801f6000                PROVIDE (__TRAPTAB_CPU2, .)
 *(.traptab_cpu2)
 .traptab_cpu2  0x801f6000      0x100 IfxCpu_Trap.o
                0x801f6000                IfxCpu_Trap_vectorTable2

.traptab_tc1    memory region -> pfls0
                0x801f6200      0x100
                0x801f6200                PROVIDE (__TRAPTAB_CPU1, .)
 *(.traptab_cpu1)
 .traptab_cpu1  0x801f6200      0x100 IfxCpu_Trap.o
                0x801f6200                IfxCpu_Trap_vectorTable1

.CPU2.zdata     memory region -> dsram2
                0x50000000        0x0 load address 0x801f6300
                0x50000000                . = ALIGN (0x4)
 *(.zdata_cpu2)
 *(.zdata_cpu2.*)

.CPU2.zbss      memory region -> dsram2
                0x50000000        0x0 load address 0x801f6300
                0x50000000                . = ALIGN (0x4)
 *(.zbss_cpu2)
 *(.zbss_cpu2.*)

.CPU1.zdata     memory region -> dsram1
                0x60000000        0x0 load address 0x801f6300
                0x60000000                . = ALIGN (0x4)
 *(.zdata_cpu1)
 *(.zdata_cpu1.*)

.CPU1.zbss      memory region -> dsram1
                0x60000000        0x0 load address 0x801f6300
                0x60000000                . = ALIGN (0x4)
 *(.zbss_cpu1)
 *(.zbss_cpu1.*)

.CPU0.zdata     memory region -> dsram0
                0x70000000        0x0 load address 0x801f6300
                0x70000000                . = ALIGN (0x4)
 *(.zdata_cpu0)
 *(.zdata_cpu0.*)

.CPU0.zbss      memory region -> dsram0
                0x70000000        0x0 load address 0x801f6300
                0x70000000                . = ALIGN (0x4)
 *(.zbss_cpu0)
 *(.zbss_cpu0.*)

.zdata          memory region -> dsram0
                0x70000000        0x0 load address 0x801f6300
                0x70000000                . = ALIGN (0x4)
 *(.zdata)
 *(.zdata.*)
 *(.gnu.linkonce.z.*)

.zbss           memory region -> dsram0
                0x70000000        0x0 load address 0x801f6300
                0x70000000                . = ALIGN (0x4)
 *(.zbss)
 *(.zbss.*)
 *(.bbss)
 *(.bbss.*)
 *(.gnu.linkonce.zb.*)

.sdata          memory region -> dsram0
                0x70000000        0x0 load address 0x801f6300
                0x70000000                . = ALIGN (0x4)
 *(.sdata)
 *(.sdata.*)
                0x70008000                _SMALL_DATA_ = SIZEOF (.sdata)?(ADDR (.sdata) + 0x8000):((ADDR (.sdata) & 0xf0000000) + 0x8000)
                0x70008000                __A0_MEM = _SMALL_DATA_

.sbss           memory region -> dsram0
                0x70000000        0x0 load address 0x801f6300
                0x70000000                . = ALIGN (0x4)
 *(.sbss)
 *(.sbss.*)

.data           memory region -> dsram0
                0x70000000      0x848 load address 0x801f6300
                0x70000000                . = ALIGN (0x4)
 *(.data)
 .data          0x70000000        0x8 IfxScuCcu.o
 .data          0x70000008      0x410 c:/hightec/toolchains/tricore/v4.9.1.0-infineon-2.0/bin/../lib/gcc/tricore/4.9.4/../../../../tricore/lib\libc.a(lib_a-mallocr.o)
                0x70000008                __malloc_sbrk_base
                0x7000000c                __malloc_trim_threshold
                0x70000010                __malloc_av_
 .data          0x70000418      0x428 c:/hightec/toolchains/tricore/v4.9.1.0-infineon-2.0/bin/../lib/gcc/tricore/4.9.4/../../../../tricore/lib\libc.a(lib_a-impure.o)
                0x70000418                _impure_ptr
 .data          0x70000840        0x8 c:/hightec/toolchains/tricore/v4.9.1.0-infineon-2.0/bin/../lib/gcc/tricore/4.9.4/../../../../tricore/lib\libos.a(libos_sbrk.o)
 *(.data.*)
 *(.gnu.linkonce.d.*)

.bss            memory region -> dsram0
                0x70000848      0x170 load address 0x801f6b48
                0x70000848                . = ALIGN (0x4)
 *(.bss)
 .bss           0x70000848       0xf0 aurix_mbd_test.o
                0x70000848                ascRxBuffer
                0x70000880                ascTxBuffer
                0x70000928                aurix_mbd_test_M_
                0x7000092c                aurix_mbd_test_DW
 .bss           0x70000938       0x20 Htx_ASCLIN.o
 .bss           0x70000958        0x8 Htx_ScheduleTimer.o
 .bss           0x70000960       0x10 Htx_VADC.o
                0x70000960                Htx_VADC_ActiveConfig
 .bss           0x70000970       0x38 c:/hightec/toolchains/tricore/v4.9.1.0-infineon-2.0/bin/../lib/gcc/tricore/4.9.4/../../../../tricore/lib\libc.a(lib_a-mallocr.o)
                0x70000970                __malloc_current_mallinfo
                0x70000998                __malloc_max_total_mem
                0x7000099c                __malloc_max_sbrked_mem
                0x700009a0                __malloc_top_pad
 .bss           0x700009a8        0x8 c:/hightec/toolchains/tricore/v4.9.1.0-infineon-2.0/bin/../lib/gcc/tricore/4.9.4/../../../../tricore/lib\libc.a(lib_a-reent.o)
                0x700009a8                errno
 .bss           0x700009b0        0x8 c:/hightec/toolchains/tricore/v4.9.1.0-infineon-2.0/bin/../lib/gcc/tricore/4.9.4/../../../../tricore/lib\libos.a(libos.o)
                0x700009b0                _my_errno
 *(.bss.*)
 *(.gnu.linkonce.b.*)

.heap           memory region -> dsram0
                0x700009b8     0x1000 load address 0x801f6b48
                0x700009b8                . = ALIGN (0x4)
                0x700009b8                __HEAP = .
                0x700019b8                . = (. + LCF_HEAP_SIZE)
 *fill*         0x700009b8     0x1000 00
                0x700019b8                __HEAP_END = .

.CPU2.data      memory region -> dsram2
                0x50000000        0x0 load address 0x801f6b48
                0x50000000                . = ALIGN (0x4)
 *(.data_cpu2)
 *(.data_cpu2.*)

.CPU2.bss       memory region -> dsram2
                0x50000000        0x0 load address 0x801f6b48
                0x50000000                . = ALIGN (0x4)
 *(.bss_cpu2)
 *(.bss_cpu2.*)

.CPU1.data      memory region -> dsram1
                0x60000000        0x0 load address 0x801f6b48
                0x60000000                . = ALIGN (0x4)
 *(.data_cpu1)
 *(.data_cpu1.*)

.CPU1.bss       memory region -> dsram1
                0x60000000        0x0 load address 0x801f6b48
                0x60000000                . = ALIGN (0x4)
 *(.bss_cpu1)
 *(.bss_cpu1.*)

.CPU0.data      memory region -> dsram0
                0x700019b8        0x0 load address 0x801f6b48
                0x700019b8                . = ALIGN (0x4)
 *(.data_cpu0)
 *(.data_cpu0.*)

.CPU0.bss       memory region -> dsram0
                0x700019b8       0x10 load address 0x801f6b48
                0x700019b8                . = ALIGN (0x4)
 *(.bss_cpu0)
 .bss_cpu0      0x700019b8       0x10 aurix_mbd_test.o
                0x700019b8                core0calls
 *(.bss_cpu0.*)

.CPU0.psram_text memory region -> psram0
                0x70100000        0x0 load address 0x801f6b48
                0x70100000                . = ALIGN (0x2)
 *(.cpu0_psram)

.CPU2.ustack    memory region -> dsram2
                0x5001ae00      0x800
                0x5001ae00                PROVIDE (__USTACK2_END, .)
                0x5001b600                . = (. + LCF_USTACK2_SIZE)
 *fill*         0x5001ae00      0x800 00
                0x5001b600                PROVIDE (__USTACK2, .)

.CPU2.istack    memory region -> dsram2
                0x5001b700      0x400
                0x5001b700                PROVIDE (__ISTACK2_END, .)
                0x5001bb00                . = (. + LCF_ISTACK2_SIZE)
 *fill*         0x5001b700      0x400 00
                0x5001bb00                PROVIDE (__ISTACK2, .)

.CPU2.csa       memory region -> dsram2
                0x5001bc00     0x2000
                0x5001bc00                PROVIDE (__CSA2, .)
                0x5001dc00                . = (. + LCF_CSA2_SIZE)
 *fill*         0x5001bc00     0x2000 00
                0x5001dc00                PROVIDE (__CSA2_END, .)

.CPU2.psram_text memory region -> psram2
                0x50100000        0x0 load address 0x801f6b48
                0x50100000                . = ALIGN (0x2)
 *(.cpu2_psram)

.CPU1.ustack    memory region -> dsram1
                0x6001ae00      0x800
                0x6001ae00                PROVIDE (__USTACK1_END, .)
                0x6001b600                . = (. + LCF_USTACK1_SIZE)
 *fill*         0x6001ae00      0x800 00
                0x6001b600                PROVIDE (__USTACK1, .)

.CPU1.istack    memory region -> dsram1
                0x6001b700      0x400
                0x6001b700                PROVIDE (__ISTACK1_END, .)
                0x6001bb00                . = (. + LCF_ISTACK1_SIZE)
 *fill*         0x6001b700      0x400 00
                0x6001bb00                PROVIDE (__ISTACK1, .)

.CPU1.csa       memory region -> dsram1
                0x6001bc00     0x2000
                0x6001bc00                PROVIDE (__CSA1, .)
                0x6001dc00                . = (. + LCF_CSA1_SIZE)
 *fill*         0x6001bc00     0x2000 00
                0x6001dc00                PROVIDE (__CSA1_END, .)

.CPU1.psram_text memory region -> psram1
                0x60100000        0x0 load address 0x801f6b48
                0x60100000                . = ALIGN (0x2)
 *(.cpu1_psram)

.CPU0.ustack    memory region -> dsram0
                0x70018e00      0x800
                0x70018e00                PROVIDE (__USTACK0_END, .)
                0x70019600                . = (. + LCF_USTACK0_SIZE)
 *fill*         0x70018e00      0x800 00
                0x70019600                PROVIDE (__USTACK0, .)

.CPU0.istack    memory region -> dsram0
                0x70019700      0x400
                0x70019700                PROVIDE (__ISTACK0_END, .)
                0x70019b00                . = (. + LCF_ISTACK0_SIZE)
 *fill*         0x70019700      0x400 00
                0x70019b00                PROVIDE (__ISTACK0, .)

.CPU0.csa       memory region -> dsram0
                0x70019c00     0x2000
                0x70019c00                PROVIDE (__CSA0, .)
                0x7001bc00                . = (. + LCF_CSA0_SIZE)
 *fill*         0x70019c00     0x2000 00
                0x7001bc00                PROVIDE (__CSA0_END, .)

.sdata3         memory region -> pfls0
                0x801f6b48        0x0 load address 0x7001bc00
 *(.rodata_a8)
 *(.rodata_a8.*)
                0x80008000                _SMALL_DATA3_ = SIZEOF (.sdata3)?(ADDR (.sdata3) + 0x8000):((ADDR (.sdata3) & 0xf0000000) + 0x8000)
                0x80008000                __A8_MEM = _SMALL_DATA3_

.data_lmu       memory region -> lmuram
                0x90000000        0x0 load address 0x801f6b48
 *(.lmudata)
 *(.lmudata.*)

.bss_lmu
 *(.lmubss)
 *(.lmubss.*)

.sdata4         memory region -> lmuram
                0x90000000        0x0 load address 0x801f6b48
 *(.sdata_a9)
 *(.sdata_a9.*)
 *(.lmu_data)
 *(.lmu_data.*)

.sbss4          memory region -> lmuram
                0x90000000        0x0 load address 0x801f6b48
 *(.sbss_a9)
 *(.sbss_a9.*)
 *(.lmu_bss)
 *(.lmu_bss.*)
                0x90008000                _SMALL_DATA4_ = SIZEOF (.sdata4)?(ADDR (.sdata4) + 0x8000):((ADDR (.sdata4) & 0xf0000000) + 0x8000)
                0x90008000                __A9_MEM = _SMALL_DATA4_

.data_emem      memory region -> edmem_nc
                0xbf000000        0x0 load address 0x801f6b48
                0xbf000000                . = ALIGN (0x4)
 *(.data_emem)
 *(.data_emem.*)
 *(.gnu.linkonce.d.*)

.bss_emem       memory region -> edmem_nc
                0xbf000000        0x0 load address 0x801f6b48
                0xbf000000                . = ALIGN (0x4)
 *(.bss_emem)
 *(.bss_emem.*)
 *(.gnu.linkonce.b.*)

.inttab_tc0_000 memory region -> pfls0
                0x801f4000        0x0
                0x801f4000                . = ALIGN (0x8)
 *(.intvec_tc0_0)

.inttab_tc0_001 memory region -> pfls0
                0x801f4020        0xe
                0x801f4020                . = ALIGN (0x8)
 *(.intvec_tc0_1)
 .intvec_tc0_1  0x801f4020        0xe ert_main.o

.inttab_tc0_002 memory region -> pfls0
                0x801f4040        0x0
                0x801f4040                . = ALIGN (0x8)
 *(.intvec_tc0_2)

.inttab_tc0_003 memory region -> pfls0
                0x801f4060        0x0
                0x801f4060                . = ALIGN (0x8)
 *(.intvec_tc0_3)

.inttab_tc0_004 memory region -> pfls0
                0x801f4080        0xe
                0x801f4080                . = ALIGN (0x8)
 *(.intvec_tc0_4)
 .intvec_tc0_4  0x801f4080        0xe ert_main.o

.inttab_tc0_005 memory region -> pfls0
                0x801f40a0        0xe
                0x801f40a0                . = ALIGN (0x8)
 *(.intvec_tc0_5)
 .intvec_tc0_5  0x801f40a0        0xe ert_main.o

.inttab_tc0_006 memory region -> pfls0
                0x801f40c0        0xe
                0x801f40c0                . = ALIGN (0x8)
 *(.intvec_tc0_6)
 .intvec_tc0_6  0x801f40c0        0xe ert_main.o

.inttab_tc0_007 memory region -> pfls0
                0x801f40e0        0x0
                0x801f40e0                . = ALIGN (0x8)
 *(.intvec_tc0_7)

.inttab_tc0_008 memory region -> pfls0
                0x801f4100        0x0
                0x801f4100                . = ALIGN (0x8)
 *(.intvec_tc0_8)

.inttab_tc0_009 memory region -> pfls0
                0x801f4120        0x0
                0x801f4120                . = ALIGN (0x8)
 *(.intvec_tc0_9)

.inttab_tc0_00A memory region -> pfls0
                0x801f4140        0x0
                0x801f4140                . = ALIGN (0x8)
 *(.intvec_tc0_10)

.inttab_tc0_00B memory region -> pfls0
                0x801f4160        0x0
                0x801f4160                . = ALIGN (0x8)
 *(.intvec_tc0_11)

.inttab_tc0_00C memory region -> pfls0
                0x801f4180        0x0
                0x801f4180                . = ALIGN (0x8)
 *(.intvec_tc0_12)

.inttab_tc0_00D memory region -> pfls0
                0x801f41a0        0x0
                0x801f41a0                . = ALIGN (0x8)
 *(.intvec_tc0_13)

.inttab_tc0_00E memory region -> pfls0
                0x801f41c0        0x0
                0x801f41c0                . = ALIGN (0x8)
 *(.intvec_tc0_14)

.inttab_tc0_00F memory region -> pfls0
                0x801f41e0        0x0
                0x801f41e0                . = ALIGN (0x8)
 *(.intvec_tc0_15)

.inttab_tc0_010 memory region -> pfls0
                0x801f4200        0x0
                0x801f4200                . = ALIGN (0x8)
 *(.intvec_tc0_16)

.inttab_tc0_011 memory region -> pfls0
                0x801f4220        0x0
                0x801f4220                . = ALIGN (0x8)
 *(.intvec_tc0_17)

.inttab_tc0_012 memory region -> pfls0
                0x801f4240        0x0
                0x801f4240                . = ALIGN (0x8)
 *(.intvec_tc0_18)

.inttab_tc0_013 memory region -> pfls0
                0x801f4260        0x0
                0x801f4260                . = ALIGN (0x8)
 *(.intvec_tc0_19)

.inttab_tc0_014 memory region -> pfls0
                0x801f4280        0x0
                0x801f4280                . = ALIGN (0x8)
 *(.intvec_tc0_20)

.inttab_tc0_015 memory region -> pfls0
                0x801f42a0        0x0
                0x801f42a0                . = ALIGN (0x8)
 *(.intvec_tc0_21)

.inttab_tc0_016 memory region -> pfls0
                0x801f42c0        0x0
                0x801f42c0                . = ALIGN (0x8)
 *(.intvec_tc0_22)

.inttab_tc0_017 memory region -> pfls0
                0x801f42e0        0x0
                0x801f42e0                . = ALIGN (0x8)
 *(.intvec_tc0_23)

.inttab_tc0_018 memory region -> pfls0
                0x801f4300        0x0
                0x801f4300                . = ALIGN (0x8)
 *(.intvec_tc0_24)

.inttab_tc0_019 memory region -> pfls0
                0x801f4320        0x0
                0x801f4320                . = ALIGN (0x8)
 *(.intvec_tc0_25)

.inttab_tc0_01A memory region -> pfls0
                0x801f4340        0x0
                0x801f4340                . = ALIGN (0x8)
 *(.intvec_tc0_26)

.inttab_tc0_01B memory region -> pfls0
                0x801f4360        0x0
                0x801f4360                . = ALIGN (0x8)
 *(.intvec_tc0_27)

.inttab_tc0_01C memory region -> pfls0
                0x801f4380        0x0
                0x801f4380                . = ALIGN (0x8)
 *(.intvec_tc0_28)

.inttab_tc0_01D memory region -> pfls0
                0x801f43a0        0x0
                0x801f43a0                . = ALIGN (0x8)
 *(.intvec_tc0_29)

.inttab_tc0_01E memory region -> pfls0
                0x801f43c0        0x0
                0x801f43c0                . = ALIGN (0x8)
 *(.intvec_tc0_30)

.inttab_tc0_01F memory region -> pfls0
                0x801f43e0        0x0
                0x801f43e0                . = ALIGN (0x8)
 *(.intvec_tc0_31)

.inttab_tc0_020 memory region -> pfls0
                0x801f4400        0x0
                0x801f4400                . = ALIGN (0x8)
 *(.intvec_tc0_32)

.inttab_tc0_021 memory region -> pfls0
                0x801f4420        0x0
                0x801f4420                . = ALIGN (0x8)
 *(.intvec_tc0_33)

.inttab_tc0_022 memory region -> pfls0
                0x801f4440        0x0
                0x801f4440                . = ALIGN (0x8)
 *(.intvec_tc0_34)

.inttab_tc0_023 memory region -> pfls0
                0x801f4460        0x0
                0x801f4460                . = ALIGN (0x8)
 *(.intvec_tc0_35)

.inttab_tc0_024 memory region -> pfls0
                0x801f4480        0x0
                0x801f4480                . = ALIGN (0x8)
 *(.intvec_tc0_36)

.inttab_tc0_025 memory region -> pfls0
                0x801f44a0        0x0
                0x801f44a0                . = ALIGN (0x8)
 *(.intvec_tc0_37)

.inttab_tc0_026 memory region -> pfls0
                0x801f44c0        0x0
                0x801f44c0                . = ALIGN (0x8)
 *(.intvec_tc0_38)

.inttab_tc0_027 memory region -> pfls0
                0x801f44e0        0x0
                0x801f44e0                . = ALIGN (0x8)
 *(.intvec_tc0_39)

.inttab_tc0_028 memory region -> pfls0
                0x801f4500        0x0
                0x801f4500                . = ALIGN (0x8)
 *(.intvec_tc0_40)

.inttab_tc0_029 memory region -> pfls0
                0x801f4520        0x0
                0x801f4520                . = ALIGN (0x8)
 *(.intvec_tc0_41)

.inttab_tc0_02A memory region -> pfls0
                0x801f4540        0x0
                0x801f4540                . = ALIGN (0x8)
 *(.intvec_tc0_42)

.inttab_tc0_02B memory region -> pfls0
                0x801f4560        0x0
                0x801f4560                . = ALIGN (0x8)
 *(.intvec_tc0_43)

.inttab_tc0_02C memory region -> pfls0
                0x801f4580        0x0
                0x801f4580                . = ALIGN (0x8)
 *(.intvec_tc0_44)

.inttab_tc0_02D memory region -> pfls0
                0x801f45a0        0x0
                0x801f45a0                . = ALIGN (0x8)
 *(.intvec_tc0_45)

.inttab_tc0_02E memory region -> pfls0
                0x801f45c0        0x0
                0x801f45c0                . = ALIGN (0x8)
 *(.intvec_tc0_46)

.inttab_tc0_02F memory region -> pfls0
                0x801f45e0        0x0
                0x801f45e0                . = ALIGN (0x8)
 *(.intvec_tc0_47)

.inttab_tc0_030 memory region -> pfls0
                0x801f4600        0x0
                0x801f4600                . = ALIGN (0x8)
 *(.intvec_tc0_48)

.inttab_tc0_031 memory region -> pfls0
                0x801f4620        0x0
                0x801f4620                . = ALIGN (0x8)
 *(.intvec_tc0_49)

.inttab_tc0_032 memory region -> pfls0
                0x801f4640        0x0
                0x801f4640                . = ALIGN (0x8)
 *(.intvec_tc0_50)

.inttab_tc0_033 memory region -> pfls0
                0x801f4660        0x0
                0x801f4660                . = ALIGN (0x8)
 *(.intvec_tc0_51)

.inttab_tc0_034 memory region -> pfls0
                0x801f4680        0x0
                0x801f4680                . = ALIGN (0x8)
 *(.intvec_tc0_52)

.inttab_tc0_035 memory region -> pfls0
                0x801f46a0        0x0
                0x801f46a0                . = ALIGN (0x8)
 *(.intvec_tc0_53)

.inttab_tc0_036 memory region -> pfls0
                0x801f46c0        0x0
                0x801f46c0                . = ALIGN (0x8)
 *(.intvec_tc0_54)

.inttab_tc0_037 memory region -> pfls0
                0x801f46e0        0x0
                0x801f46e0                . = ALIGN (0x8)
 *(.intvec_tc0_55)

.inttab_tc0_038 memory region -> pfls0
                0x801f4700        0x0
                0x801f4700                . = ALIGN (0x8)
 *(.intvec_tc0_56)

.inttab_tc0_039 memory region -> pfls0
                0x801f4720        0x0
                0x801f4720                . = ALIGN (0x8)
 *(.intvec_tc0_57)

.inttab_tc0_03A memory region -> pfls0
                0x801f4740        0x0
                0x801f4740                . = ALIGN (0x8)
 *(.intvec_tc0_58)

.inttab_tc0_03B memory region -> pfls0
                0x801f4760        0x0
                0x801f4760                . = ALIGN (0x8)
 *(.intvec_tc0_59)

.inttab_tc0_03C memory region -> pfls0
                0x801f4780        0x0
                0x801f4780                . = ALIGN (0x8)
 *(.intvec_tc0_60)

.inttab_tc0_03D memory region -> pfls0
                0x801f47a0        0x0
                0x801f47a0                . = ALIGN (0x8)
 *(.intvec_tc0_61)

.inttab_tc0_03E memory region -> pfls0
                0x801f47c0        0x0
                0x801f47c0                . = ALIGN (0x8)
 *(.intvec_tc0_62)

.inttab_tc0_03F memory region -> pfls0
                0x801f47e0        0x0
                0x801f47e0                . = ALIGN (0x8)
 *(.intvec_tc0_63)

.inttab_tc0_040 memory region -> pfls0
                0x801f4800        0x0
                0x801f4800                . = ALIGN (0x8)
 *(.intvec_tc0_64)

.inttab_tc0_041 memory region -> pfls0
                0x801f4820        0x0
                0x801f4820                . = ALIGN (0x8)
 *(.intvec_tc0_65)

.inttab_tc0_042 memory region -> pfls0
                0x801f4840        0x0
                0x801f4840                . = ALIGN (0x8)
 *(.intvec_tc0_66)

.inttab_tc0_043 memory region -> pfls0
                0x801f4860        0x0
                0x801f4860                . = ALIGN (0x8)
 *(.intvec_tc0_67)

.inttab_tc0_044 memory region -> pfls0
                0x801f4880        0x0
                0x801f4880                . = ALIGN (0x8)
 *(.intvec_tc0_68)

.inttab_tc0_045 memory region -> pfls0
                0x801f48a0        0x0
                0x801f48a0                . = ALIGN (0x8)
 *(.intvec_tc0_69)

.inttab_tc0_046 memory region -> pfls0
                0x801f48c0        0x0
                0x801f48c0                . = ALIGN (0x8)
 *(.intvec_tc0_70)

.inttab_tc0_047 memory region -> pfls0
                0x801f48e0        0x0
                0x801f48e0                . = ALIGN (0x8)
 *(.intvec_tc0_71)

.inttab_tc0_048 memory region -> pfls0
                0x801f4900        0x0
                0x801f4900                . = ALIGN (0x8)
 *(.intvec_tc0_72)

.inttab_tc0_049 memory region -> pfls0
                0x801f4920        0x0
                0x801f4920                . = ALIGN (0x8)
 *(.intvec_tc0_73)

.inttab_tc0_04A memory region -> pfls0
                0x801f4940        0x0
                0x801f4940                . = ALIGN (0x8)
 *(.intvec_tc0_74)

.inttab_tc0_04B memory region -> pfls0
                0x801f4960        0x0
                0x801f4960                . = ALIGN (0x8)
 *(.intvec_tc0_75)

.inttab_tc0_04C memory region -> pfls0
                0x801f4980        0x0
                0x801f4980                . = ALIGN (0x8)
 *(.intvec_tc0_76)

.inttab_tc0_04D memory region -> pfls0
                0x801f49a0        0x0
                0x801f49a0                . = ALIGN (0x8)
 *(.intvec_tc0_77)

.inttab_tc0_04E memory region -> pfls0
                0x801f49c0        0x0
                0x801f49c0                . = ALIGN (0x8)
 *(.intvec_tc0_78)

.inttab_tc0_04F memory region -> pfls0
                0x801f49e0        0x0
                0x801f49e0                . = ALIGN (0x8)
 *(.intvec_tc0_79)

.inttab_tc0_050 memory region -> pfls0
                0x801f4a00        0x0
                0x801f4a00                . = ALIGN (0x8)
 *(.intvec_tc0_80)

.inttab_tc0_051 memory region -> pfls0
                0x801f4a20        0x0
                0x801f4a20                . = ALIGN (0x8)
 *(.intvec_tc0_81)

.inttab_tc0_052 memory region -> pfls0
                0x801f4a40        0x0
                0x801f4a40                . = ALIGN (0x8)
 *(.intvec_tc0_82)

.inttab_tc0_053 memory region -> pfls0
                0x801f4a60        0x0
                0x801f4a60                . = ALIGN (0x8)
 *(.intvec_tc0_83)

.inttab_tc0_054 memory region -> pfls0
                0x801f4a80        0x0
                0x801f4a80                . = ALIGN (0x8)
 *(.intvec_tc0_84)

.inttab_tc0_055 memory region -> pfls0
                0x801f4aa0        0x0
                0x801f4aa0                . = ALIGN (0x8)
 *(.intvec_tc0_85)

.inttab_tc0_056 memory region -> pfls0
                0x801f4ac0        0x0
                0x801f4ac0                . = ALIGN (0x8)
 *(.intvec_tc0_86)

.inttab_tc0_057 memory region -> pfls0
                0x801f4ae0        0x0
                0x801f4ae0                . = ALIGN (0x8)
 *(.intvec_tc0_87)

.inttab_tc0_058 memory region -> pfls0
                0x801f4b00        0x0
                0x801f4b00                . = ALIGN (0x8)
 *(.intvec_tc0_88)

.inttab_tc0_059 memory region -> pfls0
                0x801f4b20        0x0
                0x801f4b20                . = ALIGN (0x8)
 *(.intvec_tc0_89)

.inttab_tc0_05A memory region -> pfls0
                0x801f4b40        0x0
                0x801f4b40                . = ALIGN (0x8)
 *(.intvec_tc0_90)

.inttab_tc0_05B memory region -> pfls0
                0x801f4b60        0x0
                0x801f4b60                . = ALIGN (0x8)
 *(.intvec_tc0_91)

.inttab_tc0_05C memory region -> pfls0
                0x801f4b80        0x0
                0x801f4b80                . = ALIGN (0x8)
 *(.intvec_tc0_92)

.inttab_tc0_05D memory region -> pfls0
                0x801f4ba0        0x0
                0x801f4ba0                . = ALIGN (0x8)
 *(.intvec_tc0_93)

.inttab_tc0_05E memory region -> pfls0
                0x801f4bc0        0x0
                0x801f4bc0                . = ALIGN (0x8)
 *(.intvec_tc0_94)

.inttab_tc0_05F memory region -> pfls0
                0x801f4be0        0x0
                0x801f4be0                . = ALIGN (0x8)
 *(.intvec_tc0_95)

.inttab_tc0_060 memory region -> pfls0
                0x801f4c00        0x0
                0x801f4c00                . = ALIGN (0x8)
 *(.intvec_tc0_96)

.inttab_tc0_061 memory region -> pfls0
                0x801f4c20        0x0
                0x801f4c20                . = ALIGN (0x8)
 *(.intvec_tc0_97)

.inttab_tc0_062 memory region -> pfls0
                0x801f4c40        0x0
                0x801f4c40                . = ALIGN (0x8)
 *(.intvec_tc0_98)

.inttab_tc0_063 memory region -> pfls0
                0x801f4c60        0x0
                0x801f4c60                . = ALIGN (0x8)
 *(.intvec_tc0_99)

.inttab_tc0_064 memory region -> pfls0
                0x801f4c80        0x0
                0x801f4c80                . = ALIGN (0x8)
 *(.intvec_tc0_100)

.inttab_tc0_065 memory region -> pfls0
                0x801f4ca0        0x0
                0x801f4ca0                . = ALIGN (0x8)
 *(.intvec_tc0_101)

.inttab_tc0_066 memory region -> pfls0
                0x801f4cc0        0x0
                0x801f4cc0                . = ALIGN (0x8)
 *(.intvec_tc0_102)

.inttab_tc0_067 memory region -> pfls0
                0x801f4ce0        0x0
                0x801f4ce0                . = ALIGN (0x8)
 *(.intvec_tc0_103)

.inttab_tc0_068 memory region -> pfls0
                0x801f4d00        0x0
                0x801f4d00                . = ALIGN (0x8)
 *(.intvec_tc0_104)

.inttab_tc0_069 memory region -> pfls0
                0x801f4d20        0x0
                0x801f4d20                . = ALIGN (0x8)
 *(.intvec_tc0_105)

.inttab_tc0_06A memory region -> pfls0
                0x801f4d40        0x0
                0x801f4d40                . = ALIGN (0x8)
 *(.intvec_tc0_106)

.inttab_tc0_06B memory region -> pfls0
                0x801f4d60        0x0
                0x801f4d60                . = ALIGN (0x8)
 *(.intvec_tc0_107)

.inttab_tc0_06C memory region -> pfls0
                0x801f4d80        0x0
                0x801f4d80                . = ALIGN (0x8)
 *(.intvec_tc0_108)

.inttab_tc0_06D memory region -> pfls0
                0x801f4da0        0x0
                0x801f4da0                . = ALIGN (0x8)
 *(.intvec_tc0_109)

.inttab_tc0_06E memory region -> pfls0
                0x801f4dc0        0x0
                0x801f4dc0                . = ALIGN (0x8)
 *(.intvec_tc0_110)

.inttab_tc0_06F memory region -> pfls0
                0x801f4de0        0x0
                0x801f4de0                . = ALIGN (0x8)
 *(.intvec_tc0_111)

.inttab_tc0_070 memory region -> pfls0
                0x801f4e00        0x0
                0x801f4e00                . = ALIGN (0x8)
 *(.intvec_tc0_112)

.inttab_tc0_071 memory region -> pfls0
                0x801f4e20        0x0
                0x801f4e20                . = ALIGN (0x8)
 *(.intvec_tc0_113)

.inttab_tc0_072 memory region -> pfls0
                0x801f4e40        0x0
                0x801f4e40                . = ALIGN (0x8)
 *(.intvec_tc0_114)

.inttab_tc0_073 memory region -> pfls0
                0x801f4e60        0x0
                0x801f4e60                . = ALIGN (0x8)
 *(.intvec_tc0_115)

.inttab_tc0_074 memory region -> pfls0
                0x801f4e80        0x0
                0x801f4e80                . = ALIGN (0x8)
 *(.intvec_tc0_116)

.inttab_tc0_075 memory region -> pfls0
                0x801f4ea0        0x0
                0x801f4ea0                . = ALIGN (0x8)
 *(.intvec_tc0_117)

.inttab_tc0_076 memory region -> pfls0
                0x801f4ec0        0x0
                0x801f4ec0                . = ALIGN (0x8)
 *(.intvec_tc0_118)

.inttab_tc0_077 memory region -> pfls0
                0x801f4ee0        0x0
                0x801f4ee0                . = ALIGN (0x8)
 *(.intvec_tc0_119)

.inttab_tc0_078 memory region -> pfls0
                0x801f4f00        0x0
                0x801f4f00                . = ALIGN (0x8)
 *(.intvec_tc0_120)

.inttab_tc0_079 memory region -> pfls0
                0x801f4f20        0x0
                0x801f4f20                . = ALIGN (0x8)
 *(.intvec_tc0_121)

.inttab_tc0_07A memory region -> pfls0
                0x801f4f40        0x0
                0x801f4f40                . = ALIGN (0x8)
 *(.intvec_tc0_122)

.inttab_tc0_07B memory region -> pfls0
                0x801f4f60        0x0
                0x801f4f60                . = ALIGN (0x8)
 *(.intvec_tc0_123)

.inttab_tc0_07C memory region -> pfls0
                0x801f4f80        0x0
                0x801f4f80                . = ALIGN (0x8)
 *(.intvec_tc0_124)

.inttab_tc0_07D memory region -> pfls0
                0x801f4fa0        0x0
                0x801f4fa0                . = ALIGN (0x8)
 *(.intvec_tc0_125)

.inttab_tc0_07E memory region -> pfls0
                0x801f4fc0        0x0
                0x801f4fc0                . = ALIGN (0x8)
 *(.intvec_tc0_126)

.inttab_tc0_07F memory region -> pfls0
                0x801f4fe0        0x0
                0x801f4fe0                . = ALIGN (0x8)
 *(.intvec_tc0_127)

.inttab_tc0_080 memory region -> pfls0
                0x801f5000        0x0
                0x801f5000                . = ALIGN (0x8)
 *(.intvec_tc0_128)

.inttab_tc0_081 memory region -> pfls0
                0x801f5020        0x0
                0x801f5020                . = ALIGN (0x8)
 *(.intvec_tc0_129)

.inttab_tc0_082 memory region -> pfls0
                0x801f5040        0x0
                0x801f5040                . = ALIGN (0x8)
 *(.intvec_tc0_130)

.inttab_tc0_083 memory region -> pfls0
                0x801f5060        0x0
                0x801f5060                . = ALIGN (0x8)
 *(.intvec_tc0_131)

.inttab_tc0_084 memory region -> pfls0
                0x801f5080        0x0
                0x801f5080                . = ALIGN (0x8)
 *(.intvec_tc0_132)

.inttab_tc0_085 memory region -> pfls0
                0x801f50a0        0x0
                0x801f50a0                . = ALIGN (0x8)
 *(.intvec_tc0_133)

.inttab_tc0_086 memory region -> pfls0
                0x801f50c0        0x0
                0x801f50c0                . = ALIGN (0x8)
 *(.intvec_tc0_134)

.inttab_tc0_087 memory region -> pfls0
                0x801f50e0        0x0
                0x801f50e0                . = ALIGN (0x8)
 *(.intvec_tc0_135)

.inttab_tc0_088 memory region -> pfls0
                0x801f5100        0x0
                0x801f5100                . = ALIGN (0x8)
 *(.intvec_tc0_136)

.inttab_tc0_089 memory region -> pfls0
                0x801f5120        0x0
                0x801f5120                . = ALIGN (0x8)
 *(.intvec_tc0_137)

.inttab_tc0_08A memory region -> pfls0
                0x801f5140        0x0
                0x801f5140                . = ALIGN (0x8)
 *(.intvec_tc0_138)

.inttab_tc0_08B memory region -> pfls0
                0x801f5160        0x0
                0x801f5160                . = ALIGN (0x8)
 *(.intvec_tc0_139)

.inttab_tc0_08C memory region -> pfls0
                0x801f5180        0x0
                0x801f5180                . = ALIGN (0x8)
 *(.intvec_tc0_140)

.inttab_tc0_08D memory region -> pfls0
                0x801f51a0        0x0
                0x801f51a0                . = ALIGN (0x8)
 *(.intvec_tc0_141)

.inttab_tc0_08E memory region -> pfls0
                0x801f51c0        0x0
                0x801f51c0                . = ALIGN (0x8)
 *(.intvec_tc0_142)

.inttab_tc0_08F memory region -> pfls0
                0x801f51e0        0x0
                0x801f51e0                . = ALIGN (0x8)
 *(.intvec_tc0_143)

.inttab_tc0_090 memory region -> pfls0
                0x801f5200        0x0
                0x801f5200                . = ALIGN (0x8)
 *(.intvec_tc0_144)

.inttab_tc0_091 memory region -> pfls0
                0x801f5220        0x0
                0x801f5220                . = ALIGN (0x8)
 *(.intvec_tc0_145)

.inttab_tc0_092 memory region -> pfls0
                0x801f5240        0x0
                0x801f5240                . = ALIGN (0x8)
 *(.intvec_tc0_146)

.inttab_tc0_093 memory region -> pfls0
                0x801f5260        0x0
                0x801f5260                . = ALIGN (0x8)
 *(.intvec_tc0_147)

.inttab_tc0_094 memory region -> pfls0
                0x801f5280        0x0
                0x801f5280                . = ALIGN (0x8)
 *(.intvec_tc0_148)

.inttab_tc0_095 memory region -> pfls0
                0x801f52a0        0x0
                0x801f52a0                . = ALIGN (0x8)
 *(.intvec_tc0_149)

.inttab_tc0_096 memory region -> pfls0
                0x801f52c0        0x0
                0x801f52c0                . = ALIGN (0x8)
 *(.intvec_tc0_150)

.inttab_tc0_097 memory region -> pfls0
                0x801f52e0        0x0
                0x801f52e0                . = ALIGN (0x8)
 *(.intvec_tc0_151)

.inttab_tc0_098 memory region -> pfls0
                0x801f5300        0x0
                0x801f5300                . = ALIGN (0x8)
 *(.intvec_tc0_152)

.inttab_tc0_099 memory region -> pfls0
                0x801f5320        0x0
                0x801f5320                . = ALIGN (0x8)
 *(.intvec_tc0_153)

.inttab_tc0_09A memory region -> pfls0
                0x801f5340        0x0
                0x801f5340                . = ALIGN (0x8)
 *(.intvec_tc0_154)

.inttab_tc0_09B memory region -> pfls0
                0x801f5360        0x0
                0x801f5360                . = ALIGN (0x8)
 *(.intvec_tc0_155)

.inttab_tc0_09C memory region -> pfls0
                0x801f5380        0x0
                0x801f5380                . = ALIGN (0x8)
 *(.intvec_tc0_156)

.inttab_tc0_09D memory region -> pfls0
                0x801f53a0        0x0
                0x801f53a0                . = ALIGN (0x8)
 *(.intvec_tc0_157)

.inttab_tc0_09E memory region -> pfls0
                0x801f53c0        0x0
                0x801f53c0                . = ALIGN (0x8)
 *(.intvec_tc0_158)

.inttab_tc0_09F memory region -> pfls0
                0x801f53e0        0x0
                0x801f53e0                . = ALIGN (0x8)
 *(.intvec_tc0_159)

.inttab_tc0_0A0 memory region -> pfls0
                0x801f5400        0x0
                0x801f5400                . = ALIGN (0x8)
 *(.intvec_tc0_160)

.inttab_tc0_0A1 memory region -> pfls0
                0x801f5420        0x0
                0x801f5420                . = ALIGN (0x8)
 *(.intvec_tc0_161)

.inttab_tc0_0A2 memory region -> pfls0
                0x801f5440        0x0
                0x801f5440                . = ALIGN (0x8)
 *(.intvec_tc0_162)

.inttab_tc0_0A3 memory region -> pfls0
                0x801f5460        0x0
                0x801f5460                . = ALIGN (0x8)
 *(.intvec_tc0_163)

.inttab_tc0_0A4 memory region -> pfls0
                0x801f5480        0x0
                0x801f5480                . = ALIGN (0x8)
 *(.intvec_tc0_164)

.inttab_tc0_0A5 memory region -> pfls0
                0x801f54a0        0x0
                0x801f54a0                . = ALIGN (0x8)
 *(.intvec_tc0_165)

.inttab_tc0_0A6 memory region -> pfls0
                0x801f54c0        0x0
                0x801f54c0                . = ALIGN (0x8)
 *(.intvec_tc0_166)

.inttab_tc0_0A7 memory region -> pfls0
                0x801f54e0        0x0
                0x801f54e0                . = ALIGN (0x8)
 *(.intvec_tc0_167)

.inttab_tc0_0A8 memory region -> pfls0
                0x801f5500        0x0
                0x801f5500                . = ALIGN (0x8)
 *(.intvec_tc0_168)

.inttab_tc0_0A9 memory region -> pfls0
                0x801f5520        0x0
                0x801f5520                . = ALIGN (0x8)
 *(.intvec_tc0_169)

.inttab_tc0_0AA memory region -> pfls0
                0x801f5540        0x0
                0x801f5540                . = ALIGN (0x8)
 *(.intvec_tc0_170)

.inttab_tc0_0AB memory region -> pfls0
                0x801f5560        0x0
                0x801f5560                . = ALIGN (0x8)
 *(.intvec_tc0_171)

.inttab_tc0_0AC memory region -> pfls0
                0x801f5580        0x0
                0x801f5580                . = ALIGN (0x8)
 *(.intvec_tc0_172)

.inttab_tc0_0AD memory region -> pfls0
                0x801f55a0        0x0
                0x801f55a0                . = ALIGN (0x8)
 *(.intvec_tc0_173)

.inttab_tc0_0AE memory region -> pfls0
                0x801f55c0        0x0
                0x801f55c0                . = ALIGN (0x8)
 *(.intvec_tc0_174)

.inttab_tc0_0AF memory region -> pfls0
                0x801f55e0        0x0
                0x801f55e0                . = ALIGN (0x8)
 *(.intvec_tc0_175)

.inttab_tc0_0B0 memory region -> pfls0
                0x801f5600        0x0
                0x801f5600                . = ALIGN (0x8)
 *(.intvec_tc0_176)

.inttab_tc0_0B1 memory region -> pfls0
                0x801f5620        0x0
                0x801f5620                . = ALIGN (0x8)
 *(.intvec_tc0_177)

.inttab_tc0_0B2 memory region -> pfls0
                0x801f5640        0x0
                0x801f5640                . = ALIGN (0x8)
 *(.intvec_tc0_178)

.inttab_tc0_0B3 memory region -> pfls0
                0x801f5660        0x0
                0x801f5660                . = ALIGN (0x8)
 *(.intvec_tc0_179)

.inttab_tc0_0B4 memory region -> pfls0
                0x801f5680        0x0
                0x801f5680                . = ALIGN (0x8)
 *(.intvec_tc0_180)

.inttab_tc0_0B5 memory region -> pfls0
                0x801f56a0        0x0
                0x801f56a0                . = ALIGN (0x8)
 *(.intvec_tc0_181)

.inttab_tc0_0B6 memory region -> pfls0
                0x801f56c0        0x0
                0x801f56c0                . = ALIGN (0x8)
 *(.intvec_tc0_182)

.inttab_tc0_0B7 memory region -> pfls0
                0x801f56e0        0x0
                0x801f56e0                . = ALIGN (0x8)
 *(.intvec_tc0_183)

.inttab_tc0_0B8 memory region -> pfls0
                0x801f5700        0x0
                0x801f5700                . = ALIGN (0x8)
 *(.intvec_tc0_184)

.inttab_tc0_0B9 memory region -> pfls0
                0x801f5720        0x0
                0x801f5720                . = ALIGN (0x8)
 *(.intvec_tc0_185)

.inttab_tc0_0BA memory region -> pfls0
                0x801f5740        0x0
                0x801f5740                . = ALIGN (0x8)
 *(.intvec_tc0_186)

.inttab_tc0_0BB memory region -> pfls0
                0x801f5760        0x0
                0x801f5760                . = ALIGN (0x8)
 *(.intvec_tc0_187)

.inttab_tc0_0BC memory region -> pfls0
                0x801f5780        0x0
                0x801f5780                . = ALIGN (0x8)
 *(.intvec_tc0_188)

.inttab_tc0_0BD memory region -> pfls0
                0x801f57a0        0x0
                0x801f57a0                . = ALIGN (0x8)
 *(.intvec_tc0_189)

.inttab_tc0_0BE memory region -> pfls0
                0x801f57c0        0x0
                0x801f57c0                . = ALIGN (0x8)
 *(.intvec_tc0_190)

.inttab_tc0_0BF memory region -> pfls0
                0x801f57e0        0x0
                0x801f57e0                . = ALIGN (0x8)
 *(.intvec_tc0_191)

.inttab_tc0_0C0 memory region -> pfls0
                0x801f5800        0x0
                0x801f5800                . = ALIGN (0x8)
 *(.intvec_tc0_192)

.inttab_tc0_0C1 memory region -> pfls0
                0x801f5820        0x0
                0x801f5820                . = ALIGN (0x8)
 *(.intvec_tc0_193)

.inttab_tc0_0C2 memory region -> pfls0
                0x801f5840        0x0
                0x801f5840                . = ALIGN (0x8)
 *(.intvec_tc0_194)

.inttab_tc0_0C3 memory region -> pfls0
                0x801f5860        0x0
                0x801f5860                . = ALIGN (0x8)
 *(.intvec_tc0_195)

.inttab_tc0_0C4 memory region -> pfls0
                0x801f5880        0x0
                0x801f5880                . = ALIGN (0x8)
 *(.intvec_tc0_196)

.inttab_tc0_0C5 memory region -> pfls0
                0x801f58a0        0x0
                0x801f58a0                . = ALIGN (0x8)
 *(.intvec_tc0_197)

.inttab_tc0_0C6 memory region -> pfls0
                0x801f58c0        0x0
                0x801f58c0                . = ALIGN (0x8)
 *(.intvec_tc0_198)

.inttab_tc0_0C7 memory region -> pfls0
                0x801f58e0        0x0
                0x801f58e0                . = ALIGN (0x8)
 *(.intvec_tc0_199)

.inttab_tc0_0C8 memory region -> pfls0
                0x801f5900        0x0
                0x801f5900                . = ALIGN (0x8)
 *(.intvec_tc0_200)

.inttab_tc0_0C9 memory region -> pfls0
                0x801f5920        0x0
                0x801f5920                . = ALIGN (0x8)
 *(.intvec_tc0_201)

.inttab_tc0_0CA memory region -> pfls0
                0x801f5940        0x0
                0x801f5940                . = ALIGN (0x8)
 *(.intvec_tc0_202)

.inttab_tc0_0CB memory region -> pfls0
                0x801f5960        0x0
                0x801f5960                . = ALIGN (0x8)
 *(.intvec_tc0_203)

.inttab_tc0_0CC memory region -> pfls0
                0x801f5980        0x0
                0x801f5980                . = ALIGN (0x8)
 *(.intvec_tc0_204)

.inttab_tc0_0CD memory region -> pfls0
                0x801f59a0        0x0
                0x801f59a0                . = ALIGN (0x8)
 *(.intvec_tc0_205)

.inttab_tc0_0CE memory region -> pfls0
                0x801f59c0        0x0
                0x801f59c0                . = ALIGN (0x8)
 *(.intvec_tc0_206)

.inttab_tc0_0CF memory region -> pfls0
                0x801f59e0        0x0
                0x801f59e0                . = ALIGN (0x8)
 *(.intvec_tc0_207)

.inttab_tc0_0D0 memory region -> pfls0
                0x801f5a00        0x0
                0x801f5a00                . = ALIGN (0x8)
 *(.intvec_tc0_208)

.inttab_tc0_0D1 memory region -> pfls0
                0x801f5a20        0x0
                0x801f5a20                . = ALIGN (0x8)
 *(.intvec_tc0_209)

.inttab_tc0_0D2 memory region -> pfls0
                0x801f5a40        0x0
                0x801f5a40                . = ALIGN (0x8)
 *(.intvec_tc0_210)

.inttab_tc0_0D3 memory region -> pfls0
                0x801f5a60        0x0
                0x801f5a60                . = ALIGN (0x8)
 *(.intvec_tc0_211)

.inttab_tc0_0D4 memory region -> pfls0
                0x801f5a80        0x0